[train] n_envs=1
[train] book_path=/home/joyce/test.csv
[train] trade_path=/home/joyce/test_trades.csv
[train] snapshot_path=/home/joyce/projects/data/raw/tardis/BTCUSDT/snapshot_25/test_book.csv
[train] device=cpu
Using cpu device
Wrapping the env with a `Monitor` wrapper
Wrapping the env in a DummyVecEnv.
---------------------------------
| rollout/           |          |
|    ep_len_mean     | 13.3     |
|    ep_rew_mean     | -0.671   |
| time/              |          |
|    fps             | 1        |
|    iterations      | 1        |
|    time_elapsed    | 148      |
|    total_timesteps | 256      |
---------------------------------
-----------------------------------------
| rollout/                |             |
|    ep_len_mean          | 15.1        |
|    ep_rew_mean          | -0.545      |
| time/                   |             |
|    fps                  | 2           |
|    iterations           | 2           |
|    time_elapsed         | 255         |
|    total_timesteps      | 512         |
| train/                  |             |
|    approx_kl            | 0.029431053 |
|    clip_fraction        | 0.21        |
|    clip_range           | 0.2         |
|    entropy_loss         | -1.6        |
|    explained_variance   | 0           |
|    learning_rate        | 0.0003      |
|    loss                 | -0.0237     |
|    n_updates            | 10          |
|    policy_gradient_loss | -0.038      |
|    value_loss           | 0.0853      |
-----------------------------------------
-----------------------------------------
| rollout/                |             |
|    ep_len_mean          | 16.6        |
|    ep_rew_mean          | -0.49       |
| time/                   |             |
|    fps                  | 2           |
|    iterations           | 3           |
|    time_elapsed         | 353         |
|    total_timesteps      | 768         |
| train/                  |             |
|    approx_kl            | 0.038653735 |
|    clip_fraction        | 0.273       |
|    clip_range           | 0.2         |
|    entropy_loss         | -1.55       |
|    explained_variance   | 0           |
|    learning_rate        | 0.0003      |
|    loss                 | -0.0523     |
|    n_updates            | 20          |
|    policy_gradient_loss | -0.0431     |
|    value_loss           | 0.0361      |
-----------------------------------------
-----------------------------------------
| rollout/                |             |
|    ep_len_mean          | 16.7        |
|    ep_rew_mean          | -0.396      |
| time/                   |             |
|    fps                  | 2           |
|    iterations           | 4           |
|    time_elapsed         | 466         |
|    total_timesteps      | 1024        |
| train/                  |             |
|    approx_kl            | 0.014826503 |
|    clip_fraction        | 0.161       |
|    clip_range           | 0.2         |
|    entropy_loss         | -1.48       |
|    explained_variance   | 1.19e-07    |
|    learning_rate        | 0.0003      |
|    loss                 | -0.00885    |
|    n_updates            | 30          |
|    policy_gradient_loss | -0.0228     |
|    value_loss           | 0.0191      |
-----------------------------------------
-----------------------------------------
| rollout/                |             |
|    ep_len_mean          | 17.2        |
|    ep_rew_mean          | -0.347      |
| time/                   |             |
|    fps                  | 2           |
|    iterations           | 5           |
|    time_elapsed         | 564         |
|    total_timesteps      | 1280        |
| train/                  |             |
|    approx_kl            | 0.018259846 |
|    clip_fraction        | 0.201       |
|    clip_range           | 0.2         |
|    entropy_loss         | -1.4        |
|    explained_variance   | 0           |
|    learning_rate        | 0.0003      |
|    loss                 | -0.0327     |
|    n_updates            | 40          |
|    policy_gradient_loss | -0.0269     |
|    value_loss           | 0.012       |
-----------------------------------------
-----------------------------------------
| rollout/                |             |
|    ep_len_mean          | 17.4        |
|    ep_rew_mean          | -0.312      |
| time/                   |             |
|    fps                  | 2           |
|    iterations           | 6           |
|    time_elapsed         | 670         |
|    total_timesteps      | 1536        |
| train/                  |             |
|    approx_kl            | 0.013721872 |
|    clip_fraction        | 0.0465      |
|    clip_range           | 0.2         |
|    entropy_loss         | -1.34       |
|    explained_variance   | 0           |
|    learning_rate        | 0.0003      |
|    loss                 | -0.017      |
|    n_updates            | 50          |
|    policy_gradient_loss | -0.0127     |
|    value_loss           | 0.0176      |
-----------------------------------------
-----------------------------------------
| rollout/                |             |
|    ep_len_mean          | 17.8        |
|    ep_rew_mean          | -0.281      |
| time/                   |             |
|    fps                  | 2           |
|    iterations           | 7           |
|    time_elapsed         | 753         |
|    total_timesteps      | 1792        |
| train/                  |             |
|    approx_kl            | 0.010428533 |
|    clip_fraction        | 0.0215      |
|    clip_range           | 0.2         |
|    entropy_loss         | -1.31       |
|    explained_variance   | -1.19e-07   |
|    learning_rate        | 0.0003      |
|    loss                 | 0.0148      |
|    n_updates            | 60          |
|    policy_gradient_loss | -0.00521    |
|    value_loss           | 0.0287      |
-----------------------------------------
------------------------------------------
| rollout/                |              |
|    ep_len_mean          | 19.1         |
|    ep_rew_mean          | -0.217       |
| time/                   |              |
|    fps                  | 2            |
|    iterations           | 8            |
|    time_elapsed         | 836          |
|    total_timesteps      | 2048         |
| train/                  |              |
|    approx_kl            | 0.0061972137 |
|    clip_fraction        | 0.0613       |
|    clip_range           | 0.2          |
|    entropy_loss         | -1.25        |
|    explained_variance   | 5.96e-08     |
|    learning_rate        | 0.0003       |
|    loss                 | -0.0258      |
|    n_updates            | 70           |
|    policy_gradient_loss | -0.00747     |
|    value_loss           | 0.00564      |
------------------------------------------
-----------------------------------------
| rollout/                |             |
|    ep_len_mean          | 19.7        |
|    ep_rew_mean          | -0.15       |
| time/                   |             |
|    fps                  | 2           |
|    iterations           | 9           |
|    time_elapsed         | 919         |
|    total_timesteps      | 2304        |
| train/                  |             |
|    approx_kl            | 0.017366206 |
|    clip_fraction        | 0.242       |
|    clip_range           | 0.2         |
|    entropy_loss         | -1.29       |
|    explained_variance   | 5.96e-08    |
|    learning_rate        | 0.0003      |
|    loss                 | -0.0284     |
|    n_updates            | 80          |
|    policy_gradient_loss | -0.0175     |
|    value_loss           | 0.0245      |
-----------------------------------------
------------------------------------------
| rollout/                |              |
|    ep_len_mean          | 19.5         |
|    ep_rew_mean          | -0.106       |
| time/                   |              |
|    fps                  | 2            |
|    iterations           | 10           |
|    time_elapsed         | 1040         |
|    total_timesteps      | 2560         |
| train/                  |              |
|    approx_kl            | 0.0125533845 |
|    clip_fraction        | 0.211        |
|    clip_range           | 0.2          |
|    entropy_loss         | -1.25        |
|    explained_variance   | 0            |
|    learning_rate        | 0.0003       |
|    loss                 | -0.0349      |
|    n_updates            | 90           |
|    policy_gradient_loss | -0.0193      |
|    value_loss           | 0.00937      |
------------------------------------------
------------------------------------------
| rollout/                |              |
|    ep_len_mean          | 19.8         |
|    ep_rew_mean          | -0.0854      |
| time/                   |              |
|    fps                  | 2            |
|    iterations           | 11           |
|    time_elapsed         | 1130         |
|    total_timesteps      | 2816         |
| train/                  |              |
|    approx_kl            | 0.0050543547 |
|    clip_fraction        | 0.0621       |
|    clip_range           | 0.2          |
|    entropy_loss         | -1.23        |
|    explained_variance   | -1.19e-07    |
|    learning_rate        | 0.0003       |
|    loss                 | 0.0024       |
|    n_updates            | 100          |
|    policy_gradient_loss | -0.0046      |
|    value_loss           | 0.0263       |
------------------------------------------
-----------------------------------------
| rollout/                |             |
|    ep_len_mean          | 20.6        |
|    ep_rew_mean          | -0.11       |
| time/                   |             |
|    fps                  | 2           |
|    iterations           | 12          |
|    time_elapsed         | 1212        |
|    total_timesteps      | 3072        |
| train/                  |             |
|    approx_kl            | 0.010717283 |
|    clip_fraction        | 0.0887      |
|    clip_range           | 0.2         |
|    entropy_loss         | -1.19       |
|    explained_variance   | 0           |
|    learning_rate        | 0.0003      |
|    loss                 | -0.023      |
|    n_updates            | 110         |
|    policy_gradient_loss | -0.00952    |
|    value_loss           | 0.00773     |
-----------------------------------------
------------------------------------------
| rollout/                |              |
|    ep_len_mean          | 21.2         |
|    ep_rew_mean          | -0.12        |
| time/                   |              |
|    fps                  | 2            |
|    iterations           | 13           |
|    time_elapsed         | 1287         |
|    total_timesteps      | 3328         |
| train/                  |              |
|    approx_kl            | 0.0013868522 |
|    clip_fraction        | 0            |
|    clip_range           | 0.2          |
|    entropy_loss         | -1.19        |
|    explained_variance   | 0            |
|    learning_rate        | 0.0003       |
|    loss                 | 0.144        |
|    n_updates            | 120          |
|    policy_gradient_loss | -0.000798    |
|    value_loss           | 0.199        |
------------------------------------------
------------------------------------------
| rollout/                |              |
|    ep_len_mean          | 21.8         |
|    ep_rew_mean          | -0.119       |
| time/                   |              |
|    fps                  | 2            |
|    iterations           | 14           |
|    time_elapsed         | 1369         |
|    total_timesteps      | 3584         |
| train/                  |              |
|    approx_kl            | 0.0043986626 |
|    clip_fraction        | 0.0379       |
|    clip_range           | 0.2          |
|    entropy_loss         | -1.21        |
|    explained_variance   | 5.96e-08     |
|    learning_rate        | 0.0003       |
|    loss                 | 0.0392       |
|    n_updates            | 130          |
|    policy_gradient_loss | -0.00157     |
|    value_loss           | 0.0876       |
------------------------------------------
-----------------------------------------
| rollout/                |             |
|    ep_len_mean          | 22.3        |
|    ep_rew_mean          | -0.114      |
| time/                   |             |
|    fps                  | 2           |
|    iterations           | 15          |
|    time_elapsed         | 1435        |
|    total_timesteps      | 3840        |
| train/                  |             |
|    approx_kl            | 0.012163846 |
|    clip_fraction        | 0.0738      |
|    clip_range           | 0.2         |
|    entropy_loss         | -1.25       |
|    explained_variance   | 0           |
|    learning_rate        | 0.0003      |
|    loss                 | 0.0156      |
|    n_updates            | 140         |
|    policy_gradient_loss | -0.00586    |
|    value_loss           | 0.0423      |
-----------------------------------------
------------------------------------------
| rollout/                |              |
|    ep_len_mean          | 22.9         |
|    ep_rew_mean          | -0.124       |
| time/                   |              |
|    fps                  | 2            |
|    iterations           | 16           |
|    time_elapsed         | 1510         |
|    total_timesteps      | 4096         |
| train/                  |              |
|    approx_kl            | 0.0055622673 |
|    clip_fraction        | 0.0738       |
|    clip_range           | 0.2          |
|    entropy_loss         | -1.27        |
|    explained_variance   | 0            |
|    learning_rate        | 0.0003       |
|    loss                 | 0.0053       |
|    n_updates            | 150          |
|    policy_gradient_loss | -0.0061      |
|    value_loss           | 0.0313       |
------------------------------------------
-----------------------------------------
| rollout/                |             |
|    ep_len_mean          | 22.3        |
|    ep_rew_mean          | -0.113      |
| time/                   |             |
|    fps                  | 2           |
|    iterations           | 17          |
|    time_elapsed         | 1606        |
|    total_timesteps      | 4352        |
| train/                  |             |
|    approx_kl            | 0.019165978 |
|    clip_fraction        | 0.126       |
|    clip_range           | 0.2         |
|    entropy_loss         | -1.25       |
|    explained_variance   | 1.19e-07    |
|    learning_rate        | 0.0003      |
|    loss                 | -0.0328     |
|    n_updates            | 160         |
|    policy_gradient_loss | -0.0144     |
|    value_loss           | 0.01        |
-----------------------------------------
-----------------------------------------
| rollout/                |             |
|    ep_len_mean          | 22.5        |
|    ep_rew_mean          | -0.0997     |
| time/                   |             |
|    fps                  | 2           |
|    iterations           | 18          |
|    time_elapsed         | 1695        |
|    total_timesteps      | 4608        |
| train/                  |             |
|    approx_kl            | 0.011177277 |
|    clip_fraction        | 0.179       |
|    clip_range           | 0.2         |
|    entropy_loss         | -1.23       |
|    explained_variance   | 0           |
|    learning_rate        | 0.0003      |
|    loss                 | -0.0292     |
|    n_updates            | 170         |
|    policy_gradient_loss | -0.0142     |
|    value_loss           | 0.00465     |
-----------------------------------------
------------------------------------------
| rollout/                |              |
|    ep_len_mean          | 23           |
|    ep_rew_mean          | -0.0999      |
| time/                   |              |
|    fps                  | 2            |
|    iterations           | 19           |
|    time_elapsed         | 1784         |
|    total_timesteps      | 4864         |
| train/                  |              |
|    approx_kl            | 0.0112432465 |
|    clip_fraction        | 0.0148       |
|    clip_range           | 0.2          |
|    entropy_loss         | -1.2         |
|    explained_variance   | 0            |
|    learning_rate        | 0.0003       |
|    loss                 | 0.00475      |
|    n_updates            | 180          |
|    policy_gradient_loss | -0.00362     |
|    value_loss           | 0.00253      |
------------------------------------------
-----------------------------------------
| rollout/                |             |
|    ep_len_mean          | 22.8        |
|    ep_rew_mean          | -0.066      |
| time/                   |             |
|    fps                  | 2           |
|    iterations           | 20          |
|    time_elapsed         | 1881        |
|    total_timesteps      | 5120        |
| train/                  |             |
|    approx_kl            | 0.010756893 |
|    clip_fraction        | 0.125       |
|    clip_range           | 0.2         |
|    entropy_loss         | -1.17       |
|    explained_variance   | 0           |
|    learning_rate        | 0.0003      |
|    loss                 | -0.00857    |
|    n_updates            | 190         |
|    policy_gradient_loss | -0.0126     |
|    value_loss           | 0.00119     |
-----------------------------------------
-----------------------------------------
| rollout/                |             |
|    ep_len_mean          | 22.1        |
|    ep_rew_mean          | -0.0444     |
| time/                   |             |
|    fps                  | 2           |
|    iterations           | 21          |
|    time_elapsed         | 1977        |
|    total_timesteps      | 5376        |
| train/                  |             |
|    approx_kl            | 0.013723211 |
|    clip_fraction        | 0.0203      |
|    clip_range           | 0.2         |
|    entropy_loss         | -1.18       |
|    explained_variance   | -2.38e-07   |
|    learning_rate        | 0.0003      |
|    loss                 | -0.00339    |
|    n_updates            | 200         |
|    policy_gradient_loss | -0.00402    |
|    value_loss           | 0.00254     |
-----------------------------------------
----------------------------------------
| rollout/                |            |
|    ep_len_mean          | 21         |
|    ep_rew_mean          | -0.0321    |
| time/                   |            |
|    fps                  | 2          |
|    iterations           | 22         |
|    time_elapsed         | 2095       |
|    total_timesteps      | 5632       |
| train/                  |            |
|    approx_kl            | 0.00939237 |
|    clip_fraction        | 0.0551     |
|    clip_range           | 0.2        |
|    entropy_loss         | -1.17      |
|    explained_variance   | 0          |
|    learning_rate        | 0.0003     |
|    loss                 | 0.0188     |
|    n_updates            | 210        |
|    policy_gradient_loss | -0.00606   |
|    value_loss           | 0.00206    |
----------------------------------------
------------------------------------------
| rollout/                |              |
|    ep_len_mean          | 22           |
|    ep_rew_mean          | -0.0747      |
| time/                   |              |
|    fps                  | 2            |
|    iterations           | 23           |
|    time_elapsed         | 2140         |
|    total_timesteps      | 5888         |
| train/                  |              |
|    approx_kl            | 0.0046845432 |
|    clip_fraction        | 0.0363       |
|    clip_range           | 0.2          |
|    entropy_loss         | -1.12        |
|    explained_variance   | 0            |
|    learning_rate        | 0.0003       |
|    loss                 | -0.0125      |
|    n_updates            | 220          |
|    policy_gradient_loss | -0.00774     |
|    value_loss           | 0.002        |
------------------------------------------
-----------------------------------------
| rollout/                |             |
|    ep_len_mean          | 20.8        |
|    ep_rew_mean          | -0.0542     |
| time/                   |             |
|    fps                  | 2           |
|    iterations           | 24          |
|    time_elapsed         | 2229        |
|    total_timesteps      | 6144        |
| train/                  |             |
|    approx_kl            | 0.012622066 |
|    clip_fraction        | 0.0297      |
|    clip_range           | 0.2         |
|    entropy_loss         | -1.08       |
|    explained_variance   | 0           |
|    learning_rate        | 0.0003      |
|    loss                 | 0.0488      |
|    n_updates            | 230         |
|    policy_gradient_loss | -0.00517    |
|    value_loss           | 0.229       |
-----------------------------------------
-----------------------------------------
| rollout/                |             |
|    ep_len_mean          | 20.8        |
|    ep_rew_mean          | -0.0479     |
| time/                   |             |
|    fps                  | 2           |
|    iterations           | 25          |
|    time_elapsed         | 2340        |
|    total_timesteps      | 6400        |
| train/                  |             |
|    approx_kl            | 0.008659488 |
|    clip_fraction        | 0           |
|    clip_range           | 0.2         |
|    entropy_loss         | -1.03       |
|    explained_variance   | 0           |
|    learning_rate        | 0.0003      |
|    loss                 | 0.0162      |
|    n_updates            | 240         |
|    policy_gradient_loss | -0.00206    |
|    value_loss           | 0.00826     |
-----------------------------------------
-----------------------------------------
| rollout/                |             |
|    ep_len_mean          | 19.6        |
|    ep_rew_mean          | -0.0402     |
| time/                   |             |
|    fps                  | 2           |
|    iterations           | 26          |
|    time_elapsed         | 2458        |
|    total_timesteps      | 6656        |
| train/                  |             |
|    approx_kl            | 0.014974293 |
|    clip_fraction        | 0.0996      |
|    clip_range           | 0.2         |
|    entropy_loss         | -0.915      |
|    explained_variance   | 1.19e-07    |
|    learning_rate        | 0.0003      |
|    loss                 | 0.00348     |
|    n_updates            | 250         |
|    policy_gradient_loss | -0.00554    |
|    value_loss           | 0.00809     |
-----------------------------------------
-----------------------------------------
| rollout/                |             |
|    ep_len_mean          | 19.1        |
|    ep_rew_mean          | -0.048      |
| time/                   |             |
|    fps                  | 2           |
|    iterations           | 27          |
|    time_elapsed         | 2562        |
|    total_timesteps      | 6912        |
| train/                  |             |
|    approx_kl            | 0.007541963 |
|    clip_fraction        | 0.0402      |
|    clip_range           | 0.2         |
|    entropy_loss         | -0.904      |
|    explained_variance   | 0           |
|    learning_rate        | 0.0003      |
|    loss                 | -0.0101     |
|    n_updates            | 260         |
|    policy_gradient_loss | -0.00199    |
|    value_loss           | 0.000338    |
-----------------------------------------
------------------------------------------
| rollout/                |              |
|    ep_len_mean          | 19.6         |
|    ep_rew_mean          | -0.0504      |
| time/                   |              |
|    fps                  | 2            |
|    iterations           | 28           |
|    time_elapsed         | 2666         |
|    total_timesteps      | 7168         |
| train/                  |              |
|    approx_kl            | 0.0029574013 |
|    clip_fraction        | 0            |
|    clip_range           | 0.2          |
|    entropy_loss         | -0.92        |
|    explained_variance   | 0            |
|    learning_rate        | 0.0003       |
|    loss                 | 0.00301      |
|    n_updates            | 270          |
|    policy_gradient_loss | -0.000846    |
|    value_loss           | 0.0725       |
------------------------------------------
-----------------------------------------
| rollout/                |             |
|    ep_len_mean          | 19.7        |
|    ep_rew_mean          | -0.081      |
| time/                   |             |
|    fps                  | 2           |
|    iterations           | 29          |
|    time_elapsed         | 2748        |
|    total_timesteps      | 7424        |
| train/                  |             |
|    approx_kl            | 0.009998533 |
|    clip_fraction        | 0.0863      |
|    clip_range           | 0.2         |
|    entropy_loss         | -0.843      |
|    explained_variance   | 0           |
|    learning_rate        | 0.0003      |
|    loss                 | -0.0291     |
|    n_updates            | 280         |
|    policy_gradient_loss | -0.0104     |
|    value_loss           | 0.00361     |
-----------------------------------------
----------------------------------------
| rollout/                |            |
|    ep_len_mean          | 19.6       |
|    ep_rew_mean          | -0.0919    |
| time/                   |            |
|    fps                  | 2          |
|    iterations           | 30         |
|    time_elapsed         | 2852       |
|    total_timesteps      | 7680       |
| train/                  |            |
|    approx_kl            | 0.00246714 |
|    clip_fraction        | 0.0043     |
|    clip_range           | 0.2        |
|    entropy_loss         | -0.81      |
|    explained_variance   | 0          |
|    learning_rate        | 0.0003     |
|    loss                 | 0.0951     |
|    n_updates            | 290        |
|    policy_gradient_loss | -0.00222   |
|    value_loss           | 0.248      |
----------------------------------------
-----------------------------------------
| rollout/                |             |
|    ep_len_mean          | 19          |
|    ep_rew_mean          | -0.0556     |
| time/                   |             |
|    fps                  | 2           |
|    iterations           | 31          |
|    time_elapsed         | 2935        |
|    total_timesteps      | 7936        |
| train/                  |             |
|    approx_kl            | 0.004217267 |
|    clip_fraction        | 0.0391      |
|    clip_range           | 0.2         |
|    entropy_loss         | -0.822      |
|    explained_variance   | 0           |
|    learning_rate        | 0.0003      |
|    loss                 | 0.0421      |
|    n_updates            | 300         |
|    policy_gradient_loss | -0.00174    |
|    value_loss           | 0.11        |
-----------------------------------------
----------------------------------------
| rollout/                |            |
|    ep_len_mean          | 19.8       |
|    ep_rew_mean          | -0.103     |
| time/                   |            |
|    fps                  | 2          |
|    iterations           | 32         |
|    time_elapsed         | 3009       |
|    total_timesteps      | 8192       |
| train/                  |            |
|    approx_kl            | 0.00514891 |
|    clip_fraction        | 0.052      |
|    clip_range           | 0.2        |
|    entropy_loss         | -0.853     |
|    explained_variance   | 0          |
|    learning_rate        | 0.0003     |
|    loss                 | -0.00792   |
|    n_updates            | 310        |
|    policy_gradient_loss | -0.00735   |
|    value_loss           | 0.00951    |
----------------------------------------
