[train] n_envs=1
[train] book_path=/home/joyce/projects/data/raw/tardis/BTCUSDT/incremental_book_L2/BTCUSDT_2025-12-05_2025-12-07.csv
[train] trade_path=/home/joyce/projects/data/raw/tardis/BTCUSDT/trades/BTCUSDT_2025-12-05_2025-12-07.csv
[train] snapshot_path=/home/joyce/projects/data/raw/tardis/BTCUSDT/snapshot_25/BTCUSDT_2025-12-05_2025-12-07.csv.gz
[train] device=cpu
[train] VecNormalize(norm_obs=True, norm_reward=False)
Using cpu device
----------------------------
| time/              |     |
|    fps             | 0   |
|    iterations      | 1   |
|    time_elapsed    | 549 |
|    total_timesteps | 512 |
----------------------------
-----------------------------------------
| time/                   |             |
|    fps                  | 0           |
|    iterations           | 2           |
|    time_elapsed         | 1061        |
|    total_timesteps      | 1024        |
| train/                  |             |
|    approx_kl            | 0.008607661 |
|    clip_fraction        | 0.0416      |
|    clip_range           | 0.2         |
|    entropy_loss         | -1.61       |
|    explained_variance   | -0.0294     |
|    learning_rate        | 0.0003      |
|    loss                 | 2.14        |
|    n_updates            | 10          |
|    policy_gradient_loss | -0.0111     |
|    value_loss           | 5.32        |
-----------------------------------------
-----------------------------------------
| time/                   |             |
|    fps                  | 1           |
|    iterations           | 3           |
|    time_elapsed         | 1526        |
|    total_timesteps      | 1536        |
| train/                  |             |
|    approx_kl            | 0.009298855 |
|    clip_fraction        | 0.0242      |
|    clip_range           | 0.2         |
|    entropy_loss         | -1.6        |
|    explained_variance   | 0.185       |
|    learning_rate        | 0.0003      |
|    loss                 | 1.29        |
|    n_updates            | 20          |
|    policy_gradient_loss | -0.00981    |
|    value_loss           | 3.75        |
-----------------------------------------
------------------------------------------
| time/                   |              |
|    fps                  | 1            |
|    iterations           | 4            |
|    time_elapsed         | 2025         |
|    total_timesteps      | 2048         |
| train/                  |              |
|    approx_kl            | 0.0096766595 |
|    clip_fraction        | 0.041        |
|    clip_range           | 0.2          |
|    entropy_loss         | -1.58        |
|    explained_variance   | 0.227        |
|    learning_rate        | 0.0003       |
|    loss                 | 0.856        |
|    n_updates            | 30           |
|    policy_gradient_loss | -0.0127      |
|    value_loss           | 2.46         |
------------------------------------------
----------------------------------------
| time/                   |            |
|    fps                  | 1          |
|    iterations           | 5          |
|    time_elapsed         | 2469       |
|    total_timesteps      | 2560       |
| train/                  |            |
|    approx_kl            | 0.00963397 |
|    clip_fraction        | 0.0838     |
|    clip_range           | 0.2        |
|    entropy_loss         | -1.56      |
|    explained_variance   | 0.243      |
|    learning_rate        | 0.0003     |
|    loss                 | 0.564      |
|    n_updates            | 40         |
|    policy_gradient_loss | -0.0128    |
|    value_loss           | 1.63       |
----------------------------------------
----------------------------------------
| time/                   |            |
|    fps                  | 1          |
|    iterations           | 6          |
|    time_elapsed         | 3019       |
|    total_timesteps      | 3072       |
| train/                  |            |
|    approx_kl            | 0.01345469 |
|    clip_fraction        | 0.124      |
|    clip_range           | 0.2        |
|    entropy_loss         | -1.52      |
|    explained_variance   | 0.425      |
|    learning_rate        | 0.0003     |
|    loss                 | 0.295      |
|    n_updates            | 50         |
|    policy_gradient_loss | -0.0213    |
|    value_loss           | 1.16       |
----------------------------------------
-----------------------------------------
| time/                   |             |
|    fps                  | 0           |
|    iterations           | 7           |
|    time_elapsed         | 3711        |
|    total_timesteps      | 3584        |
| train/                  |             |
|    approx_kl            | 0.008343495 |
|    clip_fraction        | 0.146       |
|    clip_range           | 0.2         |
|    entropy_loss         | -1.46       |
|    explained_variance   | 0.481       |
|    learning_rate        | 0.0003      |
|    loss                 | 0.485       |
|    n_updates            | 60          |
|    policy_gradient_loss | -0.0219     |
|    value_loss           | 1.14        |
-----------------------------------------
-----------------------------------------
| time/                   |             |
|    fps                  | 0           |
|    iterations           | 8           |
|    time_elapsed         | 4619        |
|    total_timesteps      | 4096        |
| train/                  |             |
|    approx_kl            | 0.014925625 |
|    clip_fraction        | 0.196       |
|    clip_range           | 0.2         |
|    entropy_loss         | -1.4        |
|    explained_variance   | 0.576       |
|    learning_rate        | 0.0003      |
|    loss                 | 0.386       |
|    n_updates            | 70          |
|    policy_gradient_loss | -0.0275     |
|    value_loss           | 1.01        |
-----------------------------------------
-----------------------------------------
| time/                   |             |
|    fps                  | 0           |
|    iterations           | 9           |
|    time_elapsed         | 5572        |
|    total_timesteps      | 4608        |
| train/                  |             |
|    approx_kl            | 0.017323399 |
|    clip_fraction        | 0.159       |
|    clip_range           | 0.2         |
|    entropy_loss         | -1.29       |
|    explained_variance   | 0.524       |
|    learning_rate        | 0.0003      |
|    loss                 | 0.342       |
|    n_updates            | 80          |
|    policy_gradient_loss | -0.0221     |
|    value_loss           | 0.907       |
-----------------------------------------
-----------------------------------------
| time/                   |             |
|    fps                  | 0           |
|    iterations           | 10          |
|    time_elapsed         | 6536        |
|    total_timesteps      | 5120        |
| train/                  |             |
|    approx_kl            | 0.013270104 |
|    clip_fraction        | 0.116       |
|    clip_range           | 0.2         |
|    entropy_loss         | -1.17       |
|    explained_variance   | 0.237       |
|    learning_rate        | 0.0003      |
|    loss                 | 0.166       |
|    n_updates            | 90          |
|    policy_gradient_loss | -0.0146     |
|    value_loss           | 0.486       |
-----------------------------------------
------------------------------------------
| time/                   |              |
|    fps                  | 0            |
|    iterations           | 11           |
|    time_elapsed         | 7685         |
|    total_timesteps      | 5632         |
| train/                  |              |
|    approx_kl            | 0.0138849635 |
|    clip_fraction        | 0.0873       |
|    clip_range           | 0.2          |
|    entropy_loss         | -1.11        |
|    explained_variance   | 0.675        |
|    learning_rate        | 0.0003       |
|    loss                 | 0.239        |
|    n_updates            | 100          |
|    policy_gradient_loss | -0.0111      |
|    value_loss           | 0.576        |
------------------------------------------
-----------------------------------------
| time/                   |             |
|    fps                  | 0           |
|    iterations           | 12          |
|    time_elapsed         | 8840        |
|    total_timesteps      | 6144        |
| train/                  |             |
|    approx_kl            | 0.011712544 |
|    clip_fraction        | 0.0848      |
|    clip_range           | 0.2         |
|    entropy_loss         | -0.989      |
|    explained_variance   | 0.511       |
|    learning_rate        | 0.0003      |
|    loss                 | 0.0895      |
|    n_updates            | 110         |
|    policy_gradient_loss | -0.014      |
|    value_loss           | 0.365       |
-----------------------------------------
-----------------------------------------
| time/                   |             |
|    fps                  | 0           |
|    iterations           | 13          |
|    time_elapsed         | 9920        |
|    total_timesteps      | 6656        |
| train/                  |             |
|    approx_kl            | 0.010660982 |
|    clip_fraction        | 0.0771      |
|    clip_range           | 0.2         |
|    entropy_loss         | -1.02       |
|    explained_variance   | -0.32       |
|    learning_rate        | 0.0003      |
|    loss                 | 0.103       |
|    n_updates            | 120         |
|    policy_gradient_loss | -0.0131     |
|    value_loss           | 0.328       |
-----------------------------------------
----------------------------------------
| time/                   |            |
|    fps                  | 0          |
|    iterations           | 14         |
|    time_elapsed         | 11033      |
|    total_timesteps      | 7168       |
| train/                  |            |
|    approx_kl            | 0.00997466 |
|    clip_fraction        | 0.106      |
|    clip_range           | 0.2        |
|    entropy_loss         | -1         |
|    explained_variance   | 0.407      |
|    learning_rate        | 0.0003     |
|    loss                 | 0.068      |
|    n_updates            | 130        |
|    policy_gradient_loss | -0.0152    |
|    value_loss           | 0.223      |
----------------------------------------
-----------------------------------------
| time/                   |             |
|    fps                  | 0           |
|    iterations           | 15          |
|    time_elapsed         | 12055       |
|    total_timesteps      | 7680        |
| train/                  |             |
|    approx_kl            | 0.008413218 |
|    clip_fraction        | 0.0785      |
|    clip_range           | 0.2         |
|    entropy_loss         | -1.06       |
|    explained_variance   | 0.641       |
|    learning_rate        | 0.0003      |
|    loss                 | 0.0609      |
|    n_updates            | 140         |
|    policy_gradient_loss | -0.0111     |
|    value_loss           | 0.16        |
-----------------------------------------
-----------------------------------------
| time/                   |             |
|    fps                  | 0           |
|    iterations           | 16          |
|    time_elapsed         | 13229       |
|    total_timesteps      | 8192        |
| train/                  |             |
|    approx_kl            | 0.007108344 |
|    clip_fraction        | 0.0596      |
|    clip_range           | 0.2         |
|    entropy_loss         | -1.1        |
|    explained_variance   | 0.416       |
|    learning_rate        | 0.0003      |
|    loss                 | 0.0618      |
|    n_updates            | 150         |
|    policy_gradient_loss | -0.00992    |
|    value_loss           | 0.24        |
-----------------------------------------
-----------------------------------------
| time/                   |             |
|    fps                  | 0           |
|    iterations           | 17          |
|    time_elapsed         | 14294       |
|    total_timesteps      | 8704        |
| train/                  |             |
|    approx_kl            | 0.012494684 |
|    clip_fraction        | 0.125       |
|    clip_range           | 0.2         |
|    entropy_loss         | -1.11       |
|    explained_variance   | -0.144      |
|    learning_rate        | 0.0003      |
|    loss                 | 0.0752      |
|    n_updates            | 160         |
|    policy_gradient_loss | -0.0152     |
|    value_loss           | 0.234       |
-----------------------------------------
-----------------------------------------
| time/                   |             |
|    fps                  | 0           |
|    iterations           | 18          |
|    time_elapsed         | 15127       |
|    total_timesteps      | 9216        |
| train/                  |             |
|    approx_kl            | 0.010454133 |
|    clip_fraction        | 0.0824      |
|    clip_range           | 0.2         |
|    entropy_loss         | -1.09       |
|    explained_variance   | 0.665       |
|    learning_rate        | 0.0003      |
|    loss                 | 0.0377      |
|    n_updates            | 170         |
|    policy_gradient_loss | -0.0122     |
|    value_loss           | 0.192       |
-----------------------------------------
-----------------------------------------
| time/                   |             |
|    fps                  | 0           |
|    iterations           | 19          |
|    time_elapsed         | 16283       |
|    total_timesteps      | 9728        |
| train/                  |             |
|    approx_kl            | 0.012078739 |
|    clip_fraction        | 0.102       |
|    clip_range           | 0.2         |
|    entropy_loss         | -1          |
|    explained_variance   | 0.679       |
|    learning_rate        | 0.0003      |
|    loss                 | 0.178       |
|    n_updates            | 180         |
|    policy_gradient_loss | -0.018      |
|    value_loss           | 0.343       |
-----------------------------------------
-----------------------------------------
| time/                   |             |
|    fps                  | 0           |
|    iterations           | 20          |
|    time_elapsed         | 17265       |
|    total_timesteps      | 10240       |
| train/                  |             |
|    approx_kl            | 0.008160285 |
|    clip_fraction        | 0.0969      |
|    clip_range           | 0.2         |
|    entropy_loss         | -0.989      |
|    explained_variance   | 0.333       |
|    learning_rate        | 0.0003      |
|    loss                 | 0.0521      |
|    n_updates            | 190         |
|    policy_gradient_loss | -0.0112     |
|    value_loss           | 0.173       |
-----------------------------------------
-----------------------------------------
| time/                   |             |
|    fps                  | 0           |
|    iterations           | 21          |
|    time_elapsed         | 18373       |
|    total_timesteps      | 10752       |
| train/                  |             |
|    approx_kl            | 0.010294711 |
|    clip_fraction        | 0.0996      |
|    clip_range           | 0.2         |
|    entropy_loss         | -0.974      |
|    explained_variance   | 0.448       |
|    learning_rate        | 0.0003      |
|    loss                 | 0.0634      |
|    n_updates            | 200         |
|    policy_gradient_loss | -0.0173     |
|    value_loss           | 0.23        |
-----------------------------------------
-----------------------------------------
| time/                   |             |
|    fps                  | 0           |
|    iterations           | 22          |
|    time_elapsed         | 19402       |
|    total_timesteps      | 11264       |
| train/                  |             |
|    approx_kl            | 0.017189916 |
|    clip_fraction        | 0.1         |
|    clip_range           | 0.2         |
|    entropy_loss         | -1.04       |
|    explained_variance   | 0.425       |
|    learning_rate        | 0.0003      |
|    loss                 | 0.0564      |
|    n_updates            | 210         |
|    policy_gradient_loss | -0.0154     |
|    value_loss           | 0.156       |
-----------------------------------------
-----------------------------------------
| time/                   |             |
|    fps                  | 0           |
|    iterations           | 23          |
|    time_elapsed         | 20444       |
|    total_timesteps      | 11776       |
| train/                  |             |
|    approx_kl            | 0.016963707 |
|    clip_fraction        | 0.163       |
|    clip_range           | 0.2         |
|    entropy_loss         | -1.11       |
|    explained_variance   | 0.227       |
|    learning_rate        | 0.0003      |
|    loss                 | 0.0726      |
|    n_updates            | 220         |
|    policy_gradient_loss | -0.0218     |
|    value_loss           | 0.194       |
-----------------------------------------
-----------------------------------------
| time/                   |             |
|    fps                  | 0           |
|    iterations           | 24          |
|    time_elapsed         | 21470       |
|    total_timesteps      | 12288       |
| train/                  |             |
|    approx_kl            | 0.018955074 |
|    clip_fraction        | 0.142       |
|    clip_range           | 0.2         |
|    entropy_loss         | -1.1        |
|    explained_variance   | 0.437       |
|    learning_rate        | 0.0003      |
|    loss                 | 0.0704      |
|    n_updates            | 230         |
|    policy_gradient_loss | -0.0202     |
|    value_loss           | 0.195       |
-----------------------------------------
-----------------------------------------
| time/                   |             |
|    fps                  | 0           |
|    iterations           | 25          |
|    time_elapsed         | 22364       |
|    total_timesteps      | 12800       |
| train/                  |             |
|    approx_kl            | 0.007613565 |
|    clip_fraction        | 0.0688      |
|    clip_range           | 0.2         |
|    entropy_loss         | -1.06       |
|    explained_variance   | 0.506       |
|    learning_rate        | 0.0003      |
|    loss                 | 0.000351    |
|    n_updates            | 240         |
|    policy_gradient_loss | -0.0125     |
|    value_loss           | 0.111       |
-----------------------------------------
------------------------------------------
| time/                   |              |
|    fps                  | 0            |
|    iterations           | 26           |
|    time_elapsed         | 23309        |
|    total_timesteps      | 13312        |
| train/                  |              |
|    approx_kl            | 0.0098485835 |
|    clip_fraction        | 0.124        |
|    clip_range           | 0.2          |
|    entropy_loss         | -1.1         |
|    explained_variance   | 0.753        |
|    learning_rate        | 0.0003       |
|    loss                 | 0.00534      |
|    n_updates            | 250          |
|    policy_gradient_loss | -0.0165      |
|    value_loss           | 0.0818       |
------------------------------------------
-----------------------------------------
| time/                   |             |
|    fps                  | 0           |
|    iterations           | 27          |
|    time_elapsed         | 24262       |
|    total_timesteps      | 13824       |
| train/                  |             |
|    approx_kl            | 0.008795172 |
|    clip_fraction        | 0.0414      |
|    clip_range           | 0.2         |
|    entropy_loss         | -1.06       |
|    explained_variance   | 0.74        |
|    learning_rate        | 0.0003      |
|    loss                 | 0.0579      |
|    n_updates            | 260         |
|    policy_gradient_loss | -0.0125     |
|    value_loss           | 0.198       |
-----------------------------------------
------------------------------------------
| time/                   |              |
|    fps                  | 0            |
|    iterations           | 28           |
|    time_elapsed         | 25111        |
|    total_timesteps      | 14336        |
| train/                  |              |
|    approx_kl            | 0.0074145766 |
|    clip_fraction        | 0.0705       |
|    clip_range           | 0.2          |
|    entropy_loss         | -1           |
|    explained_variance   | 0.787        |
|    learning_rate        | 0.0003       |
|    loss                 | 0.0298       |
|    n_updates            | 270          |
|    policy_gradient_loss | -0.0101      |
|    value_loss           | 0.125        |
------------------------------------------
-----------------------------------------
| time/                   |             |
|    fps                  | 0           |
|    iterations           | 29          |
|    time_elapsed         | 26130       |
|    total_timesteps      | 14848       |
| train/                  |             |
|    approx_kl            | 0.005973141 |
|    clip_fraction        | 0.059       |
|    clip_range           | 0.2         |
|    entropy_loss         | -0.981      |
|    explained_variance   | 0.842       |
|    learning_rate        | 0.0003      |
|    loss                 | 0.0436      |
|    n_updates            | 280         |
|    policy_gradient_loss | -0.00952    |
|    value_loss           | 0.118       |
-----------------------------------------
-----------------------------------------
| time/                   |             |
|    fps                  | 0           |
|    iterations           | 30          |
|    time_elapsed         | 27070       |
|    total_timesteps      | 15360       |
| train/                  |             |
|    approx_kl            | 0.009650184 |
|    clip_fraction        | 0.0844      |
|    clip_range           | 0.2         |
|    entropy_loss         | -0.99       |
|    explained_variance   | 0.759       |
|    learning_rate        | 0.0003      |
|    loss                 | -0.00837    |
|    n_updates            | 290         |
|    policy_gradient_loss | -0.0115     |
|    value_loss           | 0.0665      |
-----------------------------------------
-----------------------------------------
| time/                   |             |
|    fps                  | 0           |
|    iterations           | 31          |
|    time_elapsed         | 27889       |
|    total_timesteps      | 15872       |
| train/                  |             |
|    approx_kl            | 0.015211432 |
|    clip_fraction        | 0.236       |
|    clip_range           | 0.2         |
|    entropy_loss         | -1.04       |
|    explained_variance   | 0.672       |
|    learning_rate        | 0.0003      |
|    loss                 | -0.0231     |
|    n_updates            | 300         |
|    policy_gradient_loss | -0.0303     |
|    value_loss           | 0.0655      |
-----------------------------------------
----------------------------------------
| time/                   |            |
|    fps                  | 0          |
|    iterations           | 32         |
|    time_elapsed         | 28847      |
|    total_timesteps      | 16384      |
| train/                  |            |
|    approx_kl            | 0.00924928 |
|    clip_fraction        | 0.0805     |
|    clip_range           | 0.2        |
|    entropy_loss         | -0.971     |
|    explained_variance   | 0.835      |
|    learning_rate        | 0.0003     |
|    loss                 | 0.0114     |
|    n_updates            | 310        |
|    policy_gradient_loss | -0.0131    |
|    value_loss           | 0.0998     |
----------------------------------------
-----------------------------------------
| time/                   |             |
|    fps                  | 0           |
|    iterations           | 33          |
|    time_elapsed         | 29739       |
|    total_timesteps      | 16896       |
| train/                  |             |
|    approx_kl            | 0.013111386 |
|    clip_fraction        | 0.121       |
|    clip_range           | 0.2         |
|    entropy_loss         | -0.937      |
|    explained_variance   | 0.85        |
|    learning_rate        | 0.0003      |
|    loss                 | 0.00411     |
|    n_updates            | 320         |
|    policy_gradient_loss | -0.0145     |
|    value_loss           | 0.0905      |
-----------------------------------------
-----------------------------------------
| time/                   |             |
|    fps                  | 0           |
|    iterations           | 34          |
|    time_elapsed         | 30700       |
|    total_timesteps      | 17408       |
| train/                  |             |
|    approx_kl            | 0.006772507 |
|    clip_fraction        | 0.0756      |
|    clip_range           | 0.2         |
|    entropy_loss         | -0.984      |
|    explained_variance   | 0.824       |
|    learning_rate        | 0.0003      |
|    loss                 | 0.0104      |
|    n_updates            | 330         |
|    policy_gradient_loss | -0.00839    |
|    value_loss           | 0.0584      |
-----------------------------------------
-----------------------------------------
| time/                   |             |
|    fps                  | 0           |
|    iterations           | 35          |
|    time_elapsed         | 31664       |
|    total_timesteps      | 17920       |
| train/                  |             |
|    approx_kl            | 0.008138922 |
|    clip_fraction        | 0.067       |
|    clip_range           | 0.2         |
|    entropy_loss         | -0.915      |
|    explained_variance   | 0.932       |
|    learning_rate        | 0.0003      |
|    loss                 | -0.0158     |
|    n_updates            | 340         |
|    policy_gradient_loss | -0.00745    |
|    value_loss           | 0.0224      |
-----------------------------------------
-----------------------------------------
| time/                   |             |
|    fps                  | 0           |
|    iterations           | 36          |
|    time_elapsed         | 32564       |
|    total_timesteps      | 18432       |
| train/                  |             |
|    approx_kl            | 0.008654108 |
|    clip_fraction        | 0.098       |
|    clip_range           | 0.2         |
|    entropy_loss         | -0.922      |
|    explained_variance   | 0.909       |
|    learning_rate        | 0.0003      |
|    loss                 | -0.0117     |
|    n_updates            | 350         |
|    policy_gradient_loss | -0.0144     |
|    value_loss           | 0.0247      |
-----------------------------------------
------------------------------------------
| time/                   |              |
|    fps                  | 0            |
|    iterations           | 37           |
|    time_elapsed         | 33516        |
|    total_timesteps      | 18944        |
| train/                  |              |
|    approx_kl            | 0.0060314685 |
|    clip_fraction        | 0.0299       |
|    clip_range           | 0.2          |
|    entropy_loss         | -0.93        |
|    explained_variance   | 0.952        |
|    learning_rate        | 0.0003       |
|    loss                 | -0.0103      |
|    n_updates            | 360          |
|    policy_gradient_loss | -0.00671     |
|    value_loss           | 0.0154       |
------------------------------------------
------------------------------------------
| time/                   |              |
|    fps                  | 0            |
|    iterations           | 38           |
|    time_elapsed         | 34203        |
|    total_timesteps      | 19456        |
| train/                  |              |
|    approx_kl            | 0.0076696966 |
|    clip_fraction        | 0.0645       |
|    clip_range           | 0.2          |
|    entropy_loss         | -0.909       |
|    explained_variance   | 0.936        |
|    learning_rate        | 0.0003       |
|    loss                 | -0.0122      |
|    n_updates            | 370          |
|    policy_gradient_loss | -0.0088      |
|    value_loss           | 0.0196       |
------------------------------------------
------------------------------------------
| time/                   |              |
|    fps                  | 0            |
|    iterations           | 39           |
|    time_elapsed         | 34614        |
|    total_timesteps      | 19968        |
| train/                  |              |
|    approx_kl            | 0.0038031964 |
|    clip_fraction        | 0.0363       |
|    clip_range           | 0.2          |
|    entropy_loss         | -0.927       |
|    explained_variance   | 0.914        |
|    learning_rate        | 0.0003       |
|    loss                 | 0.00157      |
|    n_updates            | 380          |
|    policy_gradient_loss | -0.00733     |
|    value_loss           | 0.0403       |
------------------------------------------
-----------------------------------------
| time/                   |             |
|    fps                  | 0           |
|    iterations           | 40          |
|    time_elapsed         | 35009       |
|    total_timesteps      | 20480       |
| train/                  |             |
|    approx_kl            | 0.006124821 |
|    clip_fraction        | 0.0467      |
|    clip_range           | 0.2         |
|    entropy_loss         | -0.943      |
|    explained_variance   | 0.948       |
|    learning_rate        | 0.0003      |
|    loss                 | -0.0148     |
|    n_updates            | 390         |
|    policy_gradient_loss | -0.00969    |
|    value_loss           | 0.014       |
-----------------------------------------
------------------------------------------
| time/                   |              |
|    fps                  | 0            |
|    iterations           | 41           |
|    time_elapsed         | 35403        |
|    total_timesteps      | 20992        |
| train/                  |              |
|    approx_kl            | 0.0074983346 |
|    clip_fraction        | 0.0887       |
|    clip_range           | 0.2          |
|    entropy_loss         | -0.904       |
|    explained_variance   | 0.803        |
|    learning_rate        | 0.0003       |
|    loss                 | 0.00921      |
|    n_updates            | 400          |
|    policy_gradient_loss | -0.0107      |
|    value_loss           | 0.103        |
------------------------------------------
-----------------------------------------
| time/                   |             |
|    fps                  | 0           |
|    iterations           | 42          |
|    time_elapsed         | 35794       |
|    total_timesteps      | 21504       |
| train/                  |             |
|    approx_kl            | 0.008586409 |
|    clip_fraction        | 0.084       |
|    clip_range           | 0.2         |
|    entropy_loss         | -0.877      |
|    explained_variance   | 0.939       |
|    learning_rate        | 0.0003      |
|    loss                 | -0.0279     |
|    n_updates            | 410         |
|    policy_gradient_loss | -0.0118     |
|    value_loss           | 0.0146      |
-----------------------------------------
----------------------------------------
| time/                   |            |
|    fps                  | 0          |
|    iterations           | 43         |
|    time_elapsed         | 36204      |
|    total_timesteps      | 22016      |
| train/                  |            |
|    approx_kl            | 0.00898748 |
|    clip_fraction        | 0.0457     |
|    clip_range           | 0.2        |
|    entropy_loss         | -0.858     |
|    explained_variance   | 0.966      |
|    learning_rate        | 0.0003     |
|    loss                 | -0.0221    |
|    n_updates            | 420        |
|    policy_gradient_loss | -0.0105    |
|    value_loss           | 0.0109     |
----------------------------------------
-----------------------------------------
| time/                   |             |
|    fps                  | 0           |
|    iterations           | 44          |
|    time_elapsed         | 36611       |
|    total_timesteps      | 22528       |
| train/                  |             |
|    approx_kl            | 0.012667547 |
|    clip_fraction        | 0.111       |
|    clip_range           | 0.2         |
|    entropy_loss         | -0.901      |
|    explained_variance   | 0.954       |
|    learning_rate        | 0.0003      |
|    loss                 | -0.0191     |
|    n_updates            | 430         |
|    policy_gradient_loss | -0.0147     |
|    value_loss           | 0.0102      |
-----------------------------------------
----------------------------------------
| time/                   |            |
|    fps                  | 0          |
|    iterations           | 45         |
|    time_elapsed         | 37001      |
|    total_timesteps      | 23040      |
| train/                  |            |
|    approx_kl            | 0.01056502 |
|    clip_fraction        | 0.114      |
|    clip_range           | 0.2        |
|    entropy_loss         | -0.856     |
|    explained_variance   | 0.968      |
|    learning_rate        | 0.0003     |
|    loss                 | -0.0241    |
|    n_updates            | 440        |
|    policy_gradient_loss | -0.0111    |
|    value_loss           | 0.00882    |
----------------------------------------
-----------------------------------------
| time/                   |             |
|    fps                  | 0           |
|    iterations           | 46          |
|    time_elapsed         | 37392       |
|    total_timesteps      | 23552       |
| train/                  |             |
|    approx_kl            | 0.007022756 |
|    clip_fraction        | 0.0619      |
|    clip_range           | 0.2         |
|    entropy_loss         | -0.859      |
|    explained_variance   | 0.971       |
|    learning_rate        | 0.0003      |
|    loss                 | -0.0161     |
|    n_updates            | 450         |
|    policy_gradient_loss | -0.00799    |
|    value_loss           | 0.00715     |
-----------------------------------------
-----------------------------------------
| time/                   |             |
|    fps                  | 0           |
|    iterations           | 47          |
|    time_elapsed         | 37798       |
|    total_timesteps      | 24064       |
| train/                  |             |
|    approx_kl            | 0.010874519 |
|    clip_fraction        | 0.0844      |
|    clip_range           | 0.2         |
|    entropy_loss         | -0.815      |
|    explained_variance   | 0.957       |
|    learning_rate        | 0.0003      |
|    loss                 | -0.0149     |
|    n_updates            | 460         |
|    policy_gradient_loss | -0.0101     |
|    value_loss           | 0.0139      |
-----------------------------------------
-----------------------------------------
| time/                   |             |
|    fps                  | 0           |
|    iterations           | 48          |
|    time_elapsed         | 38188       |
|    total_timesteps      | 24576       |
| train/                  |             |
|    approx_kl            | 0.008190428 |
|    clip_fraction        | 0.0912      |
|    clip_range           | 0.2         |
|    entropy_loss         | -0.813      |
|    explained_variance   | 0.97        |
|    learning_rate        | 0.0003      |
|    loss                 | -0.0123     |
|    n_updates            | 470         |
|    policy_gradient_loss | -0.00749    |
|    value_loss           | 0.00917     |
-----------------------------------------
----------------------------------------
| time/                   |            |
|    fps                  | 0          |
|    iterations           | 49         |
|    time_elapsed         | 38598      |
|    total_timesteps      | 25088      |
| train/                  |            |
|    approx_kl            | 0.01632849 |
|    clip_fraction        | 0.174      |
|    clip_range           | 0.2        |
|    entropy_loss         | -0.793     |
|    explained_variance   | 0.972      |
|    learning_rate        | 0.0003     |
|    loss                 | -0.0106    |
|    n_updates            | 480        |
|    policy_gradient_loss | -0.0146    |
|    value_loss           | 0.00736    |
----------------------------------------
-----------------------------------------
| time/                   |             |
|    fps                  | 0           |
|    iterations           | 50          |
|    time_elapsed         | 38989       |
|    total_timesteps      | 25600       |
| train/                  |             |
|    approx_kl            | 0.006492912 |
|    clip_fraction        | 0.0529      |
|    clip_range           | 0.2         |
|    entropy_loss         | -0.817      |
|    explained_variance   | 0.957       |
|    learning_rate        | 0.0003      |
|    loss                 | -0.0183     |
|    n_updates            | 490         |
|    policy_gradient_loss | -0.00548    |
|    value_loss           | 0.0108      |
-----------------------------------------
----------------------------------------
| time/                   |            |
|    fps                  | 0          |
|    iterations           | 51         |
|    time_elapsed         | 39401      |
|    total_timesteps      | 26112      |
| train/                  |            |
|    approx_kl            | 0.01079296 |
|    clip_fraction        | 0.121      |
|    clip_range           | 0.2        |
|    entropy_loss         | -0.81      |
|    explained_variance   | 0.959      |
|    learning_rate        | 0.0003     |
|    loss                 | -0.0387    |
|    n_updates            | 500        |
|    policy_gradient_loss | -0.0152    |
|    value_loss           | 0.00979    |
----------------------------------------
-----------------------------------------
| time/                   |             |
|    fps                  | 0           |
|    iterations           | 52          |
|    time_elapsed         | 39808       |
|    total_timesteps      | 26624       |
| train/                  |             |
|    approx_kl            | 0.008394176 |
|    clip_fraction        | 0.0381      |
|    clip_range           | 0.2         |
|    entropy_loss         | -0.78       |
|    explained_variance   | 0.992       |
|    learning_rate        | 0.0003      |
|    loss                 | -0.0233     |
|    n_updates            | 510         |
|    policy_gradient_loss | -0.00641    |
|    value_loss           | 0.00195     |
-----------------------------------------
------------------------------------------
| time/                   |              |
|    fps                  | 0            |
|    iterations           | 53           |
|    time_elapsed         | 40199        |
|    total_timesteps      | 27136        |
| train/                  |              |
|    approx_kl            | 0.0038534333 |
|    clip_fraction        | 0.0402       |
|    clip_range           | 0.2          |
|    entropy_loss         | -0.783       |
|    explained_variance   | 0.946        |
|    learning_rate        | 0.0003       |
|    loss                 | -0.0141      |
|    n_updates            | 520          |
|    policy_gradient_loss | -0.00699     |
|    value_loss           | 0.0137       |
------------------------------------------
------------------------------------------
| time/                   |              |
|    fps                  | 0            |
|    iterations           | 54           |
|    time_elapsed         | 40610        |
|    total_timesteps      | 27648        |
| train/                  |              |
|    approx_kl            | 0.0056723515 |
|    clip_fraction        | 0.0498       |
|    clip_range           | 0.2          |
|    entropy_loss         | -0.766       |
|    explained_variance   | 0.991        |
|    learning_rate        | 0.0003       |
|    loss                 | -0.00458     |
|    n_updates            | 530          |
|    policy_gradient_loss | -0.00654     |
|    value_loss           | 0.00197      |
------------------------------------------
-----------------------------------------
| time/                   |             |
|    fps                  | 0           |
|    iterations           | 55          |
|    time_elapsed         | 40987       |
|    total_timesteps      | 28160       |
| train/                  |             |
|    approx_kl            | 0.012841696 |
|    clip_fraction        | 0.0955      |
|    clip_range           | 0.2         |
|    entropy_loss         | -0.795      |
|    explained_variance   | 0.996       |
|    learning_rate        | 0.0003      |
|    loss                 | -0.0253     |
|    n_updates            | 540         |
|    policy_gradient_loss | -0.0112     |
|    value_loss           | 0.00084     |
-----------------------------------------
-----------------------------------------
| time/                   |             |
|    fps                  | 0           |
|    iterations           | 56          |
|    time_elapsed         | 41395       |
|    total_timesteps      | 28672       |
| train/                  |             |
|    approx_kl            | 0.007487888 |
|    clip_fraction        | 0.0643      |
|    clip_range           | 0.2         |
|    entropy_loss         | -0.799      |
|    explained_variance   | 0.877       |
|    learning_rate        | 0.0003      |
|    loss                 | 0.0271      |
|    n_updates            | 550         |
|    policy_gradient_loss | -0.0107     |
|    value_loss           | 0.0821      |
-----------------------------------------
-----------------------------------------
| time/                   |             |
|    fps                  | 0           |
|    iterations           | 57          |
|    time_elapsed         | 41804       |
|    total_timesteps      | 29184       |
| train/                  |             |
|    approx_kl            | 0.006820203 |
|    clip_fraction        | 0.0508      |
|    clip_range           | 0.2         |
|    entropy_loss         | -0.809      |
|    explained_variance   | 0.964       |
|    learning_rate        | 0.0003      |
|    loss                 | -0.0136     |
|    n_updates            | 560         |
|    policy_gradient_loss | -0.0081     |
|    value_loss           | 0.00463     |
-----------------------------------------
------------------------------------------
| time/                   |              |
|    fps                  | 0            |
|    iterations           | 58           |
|    time_elapsed         | 42197        |
|    total_timesteps      | 29696        |
| train/                  |              |
|    approx_kl            | 0.0032177148 |
|    clip_fraction        | 0.0295       |
|    clip_range           | 0.2          |
|    entropy_loss         | -0.782       |
|    explained_variance   | 0.992        |
|    learning_rate        | 0.0003       |
|    loss                 | -0.0131      |
|    n_updates            | 570          |
|    policy_gradient_loss | -0.00404     |
|    value_loss           | 0.00181      |
------------------------------------------
------------------------------------------
| time/                   |              |
|    fps                  | 0            |
|    iterations           | 59           |
|    time_elapsed         | 42602        |
|    total_timesteps      | 30208        |
| train/                  |              |
|    approx_kl            | 0.0053173867 |
|    clip_fraction        | 0.0432       |
|    clip_range           | 0.2          |
|    entropy_loss         | -0.798       |
|    explained_variance   | 0.961        |
|    learning_rate        | 0.0003       |
|    loss                 | -0.00374     |
|    n_updates            | 580          |
|    policy_gradient_loss | -0.00808     |
|    value_loss           | 0.0101       |
------------------------------------------
-----------------------------------------
| time/                   |             |
|    fps                  | 0           |
|    iterations           | 60          |
|    time_elapsed         | 42993       |
|    total_timesteps      | 30720       |
| train/                  |             |
|    approx_kl            | 0.020386653 |
|    clip_fraction        | 0.202       |
|    clip_range           | 0.2         |
|    entropy_loss         | -0.72       |
|    explained_variance   | 0.992       |
|    learning_rate        | 0.0003      |
|    loss                 | -0.0373     |
|    n_updates            | 590         |
|    policy_gradient_loss | -0.021      |
|    value_loss           | 0.00168     |
-----------------------------------------
-----------------------------------------
| time/                   |             |
|    fps                  | 0           |
|    iterations           | 61          |
|    time_elapsed         | 43398       |
|    total_timesteps      | 31232       |
| train/                  |             |
|    approx_kl            | 0.007829455 |
|    clip_fraction        | 0.084       |
|    clip_range           | 0.2         |
|    entropy_loss         | -0.765      |
|    explained_variance   | 0.955       |
|    learning_rate        | 0.0003      |
|    loss                 | -0.0205     |
|    n_updates            | 600         |
|    policy_gradient_loss | -0.00974    |
|    value_loss           | 0.00996     |
-----------------------------------------
-----------------------------------------
| time/                   |             |
|    fps                  | 0           |
|    iterations           | 62          |
|    time_elapsed         | 43788       |
|    total_timesteps      | 31744       |
| train/                  |             |
|    approx_kl            | 0.024804488 |
|    clip_fraction        | 0.105       |
|    clip_range           | 0.2         |
|    entropy_loss         | -0.747      |
|    explained_variance   | 0.997       |
|    learning_rate        | 0.0003      |
|    loss                 | -0.052      |
|    n_updates            | 610         |
|    policy_gradient_loss | -0.0159     |
|    value_loss           | 0.000724    |
-----------------------------------------
-----------------------------------------
| time/                   |             |
|    fps                  | 0           |
|    iterations           | 63          |
|    time_elapsed         | 44178       |
|    total_timesteps      | 32256       |
| train/                  |             |
|    approx_kl            | 0.007708297 |
|    clip_fraction        | 0.082       |
|    clip_range           | 0.2         |
|    entropy_loss         | -0.742      |
|    explained_variance   | 0.978       |
|    learning_rate        | 0.0003      |
|    loss                 | -0.0155     |
|    n_updates            | 620         |
|    policy_gradient_loss | -0.0116     |
|    value_loss           | 0.00749     |
-----------------------------------------
-----------------------------------------
| time/                   |             |
|    fps                  | 0           |
|    iterations           | 64          |
|    time_elapsed         | 44584       |
|    total_timesteps      | 32768       |
| train/                  |             |
|    approx_kl            | 0.018439678 |
|    clip_fraction        | 0.135       |
|    clip_range           | 0.2         |
|    entropy_loss         | -0.755      |
|    explained_variance   | 0.982       |
|    learning_rate        | 0.0003      |
|    loss                 | -0.0315     |
|    n_updates            | 630         |
|    policy_gradient_loss | -0.0174     |
|    value_loss           | 0.00574     |
-----------------------------------------
-----------------------------------------
| time/                   |             |
|    fps                  | 0           |
|    iterations           | 65          |
|    time_elapsed         | 44980       |
|    total_timesteps      | 33280       |
| train/                  |             |
|    approx_kl            | 0.010650571 |
|    clip_fraction        | 0.138       |
|    clip_range           | 0.2         |
|    entropy_loss         | -0.817      |
|    explained_variance   | 0.957       |
|    learning_rate        | 0.0003      |
|    loss                 | -0.0225     |
|    n_updates            | 640         |
|    policy_gradient_loss | -0.0148     |
|    value_loss           | 0.0119      |
-----------------------------------------
----------------------------------------
| time/                   |            |
|    fps                  | 0          |
|    iterations           | 66         |
|    time_elapsed         | 45388      |
|    total_timesteps      | 33792      |
| train/                  |            |
|    approx_kl            | 0.00460974 |
|    clip_fraction        | 0.0514     |
|    clip_range           | 0.2        |
|    entropy_loss         | -0.808     |
|    explained_variance   | 0.964      |
|    learning_rate        | 0.0003     |
|    loss                 | -0.0264    |
|    n_updates            | 650        |
|    policy_gradient_loss | -0.00618   |
|    value_loss           | 0.00976    |
----------------------------------------
-----------------------------------------
| time/                   |             |
|    fps                  | 0           |
|    iterations           | 67          |
|    time_elapsed         | 45784       |
|    total_timesteps      | 34304       |
| train/                  |             |
|    approx_kl            | 0.011774794 |
|    clip_fraction        | 0.0646      |
|    clip_range           | 0.2         |
|    entropy_loss         | -0.793      |
|    explained_variance   | 0.967       |
|    learning_rate        | 0.0003      |
|    loss                 | -0.0334     |
|    n_updates            | 660         |
|    policy_gradient_loss | -0.0109     |
|    value_loss           | 0.00841     |
-----------------------------------------
------------------------------------------
| time/                   |              |
|    fps                  | 0            |
|    iterations           | 68           |
|    time_elapsed         | 46195        |
|    total_timesteps      | 34816        |
| train/                  |              |
|    approx_kl            | 0.0104865255 |
|    clip_fraction        | 0.109        |
|    clip_range           | 0.2          |
|    entropy_loss         | -0.768       |
|    explained_variance   | 0.997        |
|    learning_rate        | 0.0003       |
|    loss                 | -0.0216      |
|    n_updates            | 670          |
|    policy_gradient_loss | -0.0111      |
|    value_loss           | 0.000599     |
------------------------------------------
------------------------------------------
| time/                   |              |
|    fps                  | 0            |
|    iterations           | 69           |
|    time_elapsed         | 46606        |
|    total_timesteps      | 35328        |
| train/                  |              |
|    approx_kl            | 0.0050916066 |
|    clip_fraction        | 0.0586       |
|    clip_range           | 0.2          |
|    entropy_loss         | -0.79        |
|    explained_variance   | 0.998        |
|    learning_rate        | 0.0003       |
|    loss                 | -0.0304      |
|    n_updates            | 680          |
|    policy_gradient_loss | -0.00943     |
|    value_loss           | 0.000419     |
------------------------------------------
---------------------------------------
| time/                   |           |
|    fps                  | 0         |
|    iterations           | 70        |
|    time_elapsed         | 47002     |
|    total_timesteps      | 35840     |
| train/                  |           |
|    approx_kl            | 0.0269094 |
|    clip_fraction        | 0.115     |
|    clip_range           | 0.2       |
|    entropy_loss         | -0.806    |
|    explained_variance   | 0.999     |
|    learning_rate        | 0.0003    |
|    loss                 | -0.00733  |
|    n_updates            | 690       |
|    policy_gradient_loss | -0.011    |
|    value_loss           | 0.000308  |
---------------------------------------
-----------------------------------------
| time/                   |             |
|    fps                  | 0           |
|    iterations           | 71          |
|    time_elapsed         | 47404       |
|    total_timesteps      | 36352       |
| train/                  |             |
|    approx_kl            | 0.010477714 |
|    clip_fraction        | 0.0916      |
|    clip_range           | 0.2         |
|    entropy_loss         | -0.794      |
|    explained_variance   | 0.983       |
|    learning_rate        | 0.0003      |
|    loss                 | -0.0231     |
|    n_updates            | 700         |
|    policy_gradient_loss | -0.0125     |
|    value_loss           | 0.00583     |
-----------------------------------------
-----------------------------------------
| time/                   |             |
|    fps                  | 0           |
|    iterations           | 72          |
|    time_elapsed         | 47807       |
|    total_timesteps      | 36864       |
| train/                  |             |
|    approx_kl            | 0.007985258 |
|    clip_fraction        | 0.0729      |
|    clip_range           | 0.2         |
|    entropy_loss         | -0.788      |
|    explained_variance   | 0.976       |
|    learning_rate        | 0.0003      |
|    loss                 | -0.0125     |
|    n_updates            | 710         |
|    policy_gradient_loss | -0.011      |
|    value_loss           | 0.00865     |
-----------------------------------------
----------------------------------------
| time/                   |            |
|    fps                  | 0          |
|    iterations           | 73         |
|    time_elapsed         | 48210      |
|    total_timesteps      | 37376      |
| train/                  |            |
|    approx_kl            | 0.01275464 |
|    clip_fraction        | 0.104      |
|    clip_range           | 0.2        |
|    entropy_loss         | -0.744     |
|    explained_variance   | 0.984      |
|    learning_rate        | 0.0003     |
|    loss                 | -0.026     |
|    n_updates            | 720        |
|    policy_gradient_loss | -0.0129    |
|    value_loss           | 0.0037     |
----------------------------------------
------------------------------------------
| time/                   |              |
|    fps                  | 0            |
|    iterations           | 74           |
|    time_elapsed         | 48620        |
|    total_timesteps      | 37888        |
| train/                  |              |
|    approx_kl            | 0.0063379672 |
|    clip_fraction        | 0.042        |
|    clip_range           | 0.2          |
|    entropy_loss         | -0.742       |
|    explained_variance   | 0.986        |
|    learning_rate        | 0.0003       |
|    loss                 | -0.0169      |
|    n_updates            | 730          |
|    policy_gradient_loss | -0.00972     |
|    value_loss           | 0.00471      |
------------------------------------------
-----------------------------------------
| time/                   |             |
|    fps                  | 0           |
|    iterations           | 75          |
|    time_elapsed         | 49023       |
|    total_timesteps      | 38400       |
| train/                  |             |
|    approx_kl            | 0.009356413 |
|    clip_fraction        | 0.051       |
|    clip_range           | 0.2         |
|    entropy_loss         | -0.706      |
|    explained_variance   | 0.993       |
|    learning_rate        | 0.0003      |
|    loss                 | -0.0262     |
|    n_updates            | 740         |
|    policy_gradient_loss | -0.00875    |
|    value_loss           | 0.00179     |
-----------------------------------------
-----------------------------------------
| time/                   |             |
|    fps                  | 0           |
|    iterations           | 76          |
|    time_elapsed         | 49442       |
|    total_timesteps      | 38912       |
| train/                  |             |
|    approx_kl            | 0.009947732 |
|    clip_fraction        | 0.0605      |
|    clip_range           | 0.2         |
|    entropy_loss         | -0.717      |
|    explained_variance   | 0.996       |
|    learning_rate        | 0.0003      |
|    loss                 | -0.0225     |
|    n_updates            | 750         |
|    policy_gradient_loss | -0.00889    |
|    value_loss           | 0.000981    |
-----------------------------------------
-----------------------------------------
| time/                   |             |
|    fps                  | 0           |
|    iterations           | 77          |
|    time_elapsed         | 49848       |
|    total_timesteps      | 39424       |
| train/                  |             |
|    approx_kl            | 0.010446746 |
|    clip_fraction        | 0.0719      |
|    clip_range           | 0.2         |
|    entropy_loss         | -0.734      |
|    explained_variance   | 0.966       |
|    learning_rate        | 0.0003      |
|    loss                 | -0.0221     |
|    n_updates            | 760         |
|    policy_gradient_loss | -0.0112     |
|    value_loss           | 0.00789     |
-----------------------------------------
-----------------------------------------
| time/                   |             |
|    fps                  | 0           |
|    iterations           | 78          |
|    time_elapsed         | 50248       |
|    total_timesteps      | 39936       |
| train/                  |             |
|    approx_kl            | 0.052402638 |
|    clip_fraction        | 0.0568      |
|    clip_range           | 0.2         |
|    entropy_loss         | -0.768      |
|    explained_variance   | 0.997       |
|    learning_rate        | 0.0003      |
|    loss                 | -0.0332     |
|    n_updates            | 770         |
|    policy_gradient_loss | -0.0121     |
|    value_loss           | 0.000347    |
-----------------------------------------
-----------------------------------------
| time/                   |             |
|    fps                  | 0           |
|    iterations           | 79          |
|    time_elapsed         | 50646       |
|    total_timesteps      | 40448       |
| train/                  |             |
|    approx_kl            | 0.007850189 |
|    clip_fraction        | 0.0635      |
|    clip_range           | 0.2         |
|    entropy_loss         | -0.778      |
|    explained_variance   | 0.976       |
|    learning_rate        | 0.0003      |
|    loss                 | -0.031      |
|    n_updates            | 780         |
|    policy_gradient_loss | -0.0106     |
|    value_loss           | 0.00915     |
-----------------------------------------
-----------------------------------------
| time/                   |             |
|    fps                  | 0           |
|    iterations           | 80          |
|    time_elapsed         | 51044       |
|    total_timesteps      | 40960       |
| train/                  |             |
|    approx_kl            | 0.010675227 |
|    clip_fraction        | 0.0867      |
|    clip_range           | 0.2         |
|    entropy_loss         | -0.749      |
|    explained_variance   | 0.985       |
|    learning_rate        | 0.0003      |
|    loss                 | -0.00245    |
|    n_updates            | 790         |
|    policy_gradient_loss | -0.0141     |
|    value_loss           | 0.00474     |
-----------------------------------------
-----------------------------------------
| time/                   |             |
|    fps                  | 0           |
|    iterations           | 81          |
|    time_elapsed         | 51462       |
|    total_timesteps      | 41472       |
| train/                  |             |
|    approx_kl            | 0.014643471 |
|    clip_fraction        | 0.114       |
|    clip_range           | 0.2         |
|    entropy_loss         | -0.73       |
|    explained_variance   | 0.979       |
|    learning_rate        | 0.0003      |
|    loss                 | -0.0266     |
|    n_updates            | 800         |
|    policy_gradient_loss | -0.0156     |
|    value_loss           | 0.00519     |
-----------------------------------------
-----------------------------------------
| time/                   |             |
|    fps                  | 0           |
|    iterations           | 82          |
|    time_elapsed         | 51855       |
|    total_timesteps      | 41984       |
| train/                  |             |
|    approx_kl            | 0.006438317 |
|    clip_fraction        | 0.0363      |
|    clip_range           | 0.2         |
|    entropy_loss         | -0.694      |
|    explained_variance   | 0.909       |
|    learning_rate        | 0.0003      |
|    loss                 | -0.00677    |
|    n_updates            | 810         |
|    policy_gradient_loss | -0.00625    |
|    value_loss           | 0.0316      |
-----------------------------------------
------------------------------------------
| time/                   |              |
|    fps                  | 0            |
|    iterations           | 83           |
|    time_elapsed         | 52264        |
|    total_timesteps      | 42496        |
| train/                  |              |
|    approx_kl            | 0.0065294825 |
|    clip_fraction        | 0.0502       |
|    clip_range           | 0.2          |
|    entropy_loss         | -0.69        |
|    explained_variance   | 0.987        |
|    learning_rate        | 0.0003       |
|    loss                 | -0.0283      |
|    n_updates            | 820          |
|    policy_gradient_loss | -0.00642     |
|    value_loss           | 0.00167      |
------------------------------------------
-----------------------------------------
| time/                   |             |
|    fps                  | 0           |
|    iterations           | 84          |
|    time_elapsed         | 52674       |
|    total_timesteps      | 43008       |
| train/                  |             |
|    approx_kl            | 0.012409024 |
|    clip_fraction        | 0.099       |
|    clip_range           | 0.2         |
|    entropy_loss         | -0.705      |
|    explained_variance   | 0.979       |
|    learning_rate        | 0.0003      |
|    loss                 | -0.0263     |
|    n_updates            | 830         |
|    policy_gradient_loss | -0.0077     |
|    value_loss           | 0.00498     |
-----------------------------------------
-----------------------------------------
| time/                   |             |
|    fps                  | 0           |
|    iterations           | 85          |
|    time_elapsed         | 53070       |
|    total_timesteps      | 43520       |
| train/                  |             |
|    approx_kl            | 0.012527539 |
|    clip_fraction        | 0.11        |
|    clip_range           | 0.2         |
|    entropy_loss         | -0.688      |
|    explained_variance   | 0.995       |
|    learning_rate        | 0.0003      |
|    loss                 | -0.0319     |
|    n_updates            | 840         |
|    policy_gradient_loss | -0.013      |
|    value_loss           | 0.00111     |
-----------------------------------------
-----------------------------------------
| time/                   |             |
|    fps                  | 0           |
|    iterations           | 86          |
|    time_elapsed         | 53483       |
|    total_timesteps      | 44032       |
| train/                  |             |
|    approx_kl            | 0.013058194 |
|    clip_fraction        | 0.102       |
|    clip_range           | 0.2         |
|    entropy_loss         | -0.648      |
|    explained_variance   | 0.993       |
|    learning_rate        | 0.0003      |
|    loss                 | -0.026      |
|    n_updates            | 850         |
|    policy_gradient_loss | -0.013      |
|    value_loss           | 0.00171     |
-----------------------------------------
-----------------------------------------
| time/                   |             |
|    fps                  | 0           |
|    iterations           | 87          |
|    time_elapsed         | 53874       |
|    total_timesteps      | 44544       |
| train/                  |             |
|    approx_kl            | 0.007803474 |
|    clip_fraction        | 0.057       |
|    clip_range           | 0.2         |
|    entropy_loss         | -0.64       |
|    explained_variance   | 0.999       |
|    learning_rate        | 0.0003      |
|    loss                 | -0.018      |
|    n_updates            | 860         |
|    policy_gradient_loss | -0.0121     |
|    value_loss           | 0.000187    |
-----------------------------------------
------------------------------------------
| time/                   |              |
|    fps                  | 0            |
|    iterations           | 88           |
|    time_elapsed         | 54279        |
|    total_timesteps      | 45056        |
| train/                  |              |
|    approx_kl            | 0.0064793117 |
|    clip_fraction        | 0.0439       |
|    clip_range           | 0.2          |
|    entropy_loss         | -0.663       |
|    explained_variance   | 0.999        |
|    learning_rate        | 0.0003       |
|    loss                 | -0.0212      |
|    n_updates            | 870          |
|    policy_gradient_loss | -0.0085      |
|    value_loss           | 0.000131     |
------------------------------------------
-----------------------------------------
| time/                   |             |
|    fps                  | 0           |
|    iterations           | 89          |
|    time_elapsed         | 54674       |
|    total_timesteps      | 45568       |
| train/                  |             |
|    approx_kl            | 0.007685914 |
|    clip_fraction        | 0.0529      |
|    clip_range           | 0.2         |
|    entropy_loss         | -0.671      |
|    explained_variance   | 0.999       |
|    learning_rate        | 0.0003      |
|    loss                 | -0.0175     |
|    n_updates            | 880         |
|    policy_gradient_loss | -0.00914    |
|    value_loss           | 0.000148    |
-----------------------------------------
----------------------------------------
| time/                   |            |
|    fps                  | 0          |
|    iterations           | 90         |
|    time_elapsed         | 55082      |
|    total_timesteps      | 46080      |
| train/                  |            |
|    approx_kl            | 0.01152803 |
|    clip_fraction        | 0.109      |
|    clip_range           | 0.2        |
|    entropy_loss         | -0.678     |
|    explained_variance   | 0.979      |
|    learning_rate        | 0.0003     |
|    loss                 | -0.00808   |
|    n_updates            | 890        |
|    policy_gradient_loss | -0.00956   |
|    value_loss           | 0.00486    |
----------------------------------------
------------------------------------------
| time/                   |              |
|    fps                  | 0            |
|    iterations           | 91           |
|    time_elapsed         | 55494        |
|    total_timesteps      | 46592        |
| train/                  |              |
|    approx_kl            | 0.0037947623 |
|    clip_fraction        | 0.0564       |
|    clip_range           | 0.2          |
|    entropy_loss         | -0.682       |
|    explained_variance   | 0.999        |
|    learning_rate        | 0.0003       |
|    loss                 | -0.0163      |
|    n_updates            | 900          |
|    policy_gradient_loss | -0.00765     |
|    value_loss           | 0.000178     |
------------------------------------------
-----------------------------------------
| time/                   |             |
|    fps                  | 0           |
|    iterations           | 92          |
|    time_elapsed         | 55885       |
|    total_timesteps      | 47104       |
| train/                  |             |
|    approx_kl            | 0.005612136 |
|    clip_fraction        | 0.0445      |
|    clip_range           | 0.2         |
|    entropy_loss         | -0.688      |
|    explained_variance   | 1           |
|    learning_rate        | 0.0003      |
|    loss                 | -0.0172     |
|    n_updates            | 910         |
|    policy_gradient_loss | -0.0085     |
|    value_loss           | 9.88e-05    |
-----------------------------------------
-----------------------------------------
| time/                   |             |
|    fps                  | 0           |
|    iterations           | 93          |
|    time_elapsed         | 56304       |
|    total_timesteps      | 47616       |
| train/                  |             |
|    approx_kl            | 0.010883037 |
|    clip_fraction        | 0.0998      |
|    clip_range           | 0.2         |
|    entropy_loss         | -0.631      |
|    explained_variance   | 0.993       |
|    learning_rate        | 0.0003      |
|    loss                 | -0.0263     |
|    n_updates            | 920         |
|    policy_gradient_loss | -0.01       |
|    value_loss           | 0.00169     |
-----------------------------------------
------------------------------------------
| time/                   |              |
|    fps                  | 0            |
|    iterations           | 94           |
|    time_elapsed         | 56701        |
|    total_timesteps      | 48128        |
| train/                  |              |
|    approx_kl            | 0.0055453787 |
|    clip_fraction        | 0.0559       |
|    clip_range           | 0.2          |
|    entropy_loss         | -0.611       |
|    explained_variance   | 0.999        |
|    learning_rate        | 0.0003       |
|    loss                 | -0.0161      |
|    n_updates            | 930          |
|    policy_gradient_loss | -0.00824     |
|    value_loss           | 0.000112     |
------------------------------------------
------------------------------------------
| time/                   |              |
|    fps                  | 0            |
|    iterations           | 95           |
|    time_elapsed         | 57111        |
|    total_timesteps      | 48640        |
| train/                  |              |
|    approx_kl            | 0.0058107614 |
|    clip_fraction        | 0.0629       |
|    clip_range           | 0.2          |
|    entropy_loss         | -0.576       |
|    explained_variance   | 1            |
|    learning_rate        | 0.0003       |
|    loss                 | -0.0262      |
|    n_updates            | 940          |
|    policy_gradient_loss | -0.00582     |
|    value_loss           | 6.92e-05     |
------------------------------------------
----------------------------------------
| time/                   |            |
|    fps                  | 0          |
|    iterations           | 96         |
|    time_elapsed         | 57523      |
|    total_timesteps      | 49152      |
| train/                  |            |
|    approx_kl            | 0.00548563 |
|    clip_fraction        | 0.0602     |
|    clip_range           | 0.2        |
|    entropy_loss         | -0.564     |
|    explained_variance   | 0.943      |
|    learning_rate        | 0.0003     |
|    loss                 | -0.00776   |
|    n_updates            | 950        |
|    policy_gradient_loss | -0.0089    |
|    value_loss           | 0.0133     |
----------------------------------------
-----------------------------------------
| time/                   |             |
|    fps                  | 0           |
|    iterations           | 97          |
|    time_elapsed         | 57923       |
|    total_timesteps      | 49664       |
| train/                  |             |
|    approx_kl            | 0.007683839 |
|    clip_fraction        | 0.0637      |
|    clip_range           | 0.2         |
|    entropy_loss         | -0.571      |
|    explained_variance   | 0.995       |
|    learning_rate        | 0.0003      |
|    loss                 | -0.0164     |
|    n_updates            | 960         |
|    policy_gradient_loss | -0.00516    |
|    value_loss           | 0.0011      |
-----------------------------------------
-----------------------------------------
| time/                   |             |
|    fps                  | 0           |
|    iterations           | 98          |
|    time_elapsed         | 58329       |
|    total_timesteps      | 50176       |
| train/                  |             |
|    approx_kl            | 0.012897902 |
|    clip_fraction        | 0.105       |
|    clip_range           | 0.2         |
|    entropy_loss         | -0.592      |
|    explained_variance   | 0.966       |
|    learning_rate        | 0.0003      |
|    loss                 | -0.0136     |
|    n_updates            | 970         |
|    policy_gradient_loss | -0.0109     |
|    value_loss           | 0.00761     |
-----------------------------------------
-----------------------------------------
| time/                   |             |
|    fps                  | 0           |
|    iterations           | 99          |
|    time_elapsed         | 58739       |
|    total_timesteps      | 50688       |
| train/                  |             |
|    approx_kl            | 0.013243247 |
|    clip_fraction        | 0.0588      |
|    clip_range           | 0.2         |
|    entropy_loss         | -0.605      |
|    explained_variance   | 0.998       |
|    learning_rate        | 0.0003      |
|    loss                 | -0.036      |
|    n_updates            | 980         |
|    policy_gradient_loss | -0.00751    |
|    value_loss           | 0.000202    |
-----------------------------------------
-----------------------------------------
| time/                   |             |
|    fps                  | 0           |
|    iterations           | 100         |
|    time_elapsed         | 59145       |
|    total_timesteps      | 51200       |
| train/                  |             |
|    approx_kl            | 0.009468302 |
|    clip_fraction        | 0.0662      |
|    clip_range           | 0.2         |
|    entropy_loss         | -0.617      |
|    explained_variance   | 1           |
|    learning_rate        | 0.0003      |
|    loss                 | -0.00894    |
|    n_updates            | 990         |
|    policy_gradient_loss | -0.00682    |
|    value_loss           | 8.49e-05    |
-----------------------------------------
-----------------------------------------
| time/                   |             |
|    fps                  | 0           |
|    iterations           | 101         |
|    time_elapsed         | 59675       |
|    total_timesteps      | 51712       |
| train/                  |             |
|    approx_kl            | 0.008381013 |
|    clip_fraction        | 0.051       |
|    clip_range           | 0.2         |
|    entropy_loss         | -0.626      |
|    explained_variance   | 1           |
|    learning_rate        | 0.0003      |
|    loss                 | -0.0155     |
|    n_updates            | 1000        |
|    policy_gradient_loss | -0.00418    |
|    value_loss           | 4.29e-05    |
-----------------------------------------
-----------------------------------------
| time/                   |             |
|    fps                  | 0           |
|    iterations           | 102         |
|    time_elapsed         | 60065       |
|    total_timesteps      | 52224       |
| train/                  |             |
|    approx_kl            | 0.007367586 |
|    clip_fraction        | 0.0861      |
|    clip_range           | 0.2         |
|    entropy_loss         | -0.62       |
|    explained_variance   | 1           |
|    learning_rate        | 0.0003      |
|    loss                 | -0.0128     |
|    n_updates            | 1010        |
|    policy_gradient_loss | -0.0077     |
|    value_loss           | 4.06e-05    |
-----------------------------------------
-----------------------------------------
| time/                   |             |
|    fps                  | 0           |
|    iterations           | 103         |
|    time_elapsed         | 60472       |
|    total_timesteps      | 52736       |
| train/                  |             |
|    approx_kl            | 0.006145362 |
|    clip_fraction        | 0.0559      |
|    clip_range           | 0.2         |
|    entropy_loss         | -0.641      |
|    explained_variance   | 1           |
|    learning_rate        | 0.0003      |
|    loss                 | -0.0161     |
|    n_updates            | 1020        |
|    policy_gradient_loss | -0.00666    |
|    value_loss           | 4e-05       |
-----------------------------------------
------------------------------------------
| time/                   |              |
|    fps                  | 0            |
|    iterations           | 104          |
|    time_elapsed         | 60863        |
|    total_timesteps      | 53248        |
| train/                  |              |
|    approx_kl            | 0.0059953523 |
|    clip_fraction        | 0.067        |
|    clip_range           | 0.2          |
|    entropy_loss         | -0.61        |
|    explained_variance   | 0.996        |
|    learning_rate        | 0.0003       |
|    loss                 | -0.00591     |
|    n_updates            | 1030         |
|    policy_gradient_loss | -0.00643     |
|    value_loss           | 0.000925     |
------------------------------------------
-----------------------------------------
| time/                   |             |
|    fps                  | 0           |
|    iterations           | 105         |
|    time_elapsed         | 61275       |
|    total_timesteps      | 53760       |
| train/                  |             |
|    approx_kl            | 0.007202989 |
|    clip_fraction        | 0.117       |
|    clip_range           | 0.2         |
|    entropy_loss         | -0.605      |
|    explained_variance   | 0.996       |
|    learning_rate        | 0.0003      |
|    loss                 | -0.0315     |
|    n_updates            | 1040        |
|    policy_gradient_loss | -0.0113     |
|    value_loss           | 0.000934    |
-----------------------------------------
-----------------------------------------
| time/                   |             |
|    fps                  | 0           |
|    iterations           | 106         |
|    time_elapsed         | 61714       |
|    total_timesteps      | 54272       |
| train/                  |             |
|    approx_kl            | 0.008933349 |
|    clip_fraction        | 0.058       |
|    clip_range           | 0.2         |
|    entropy_loss         | -0.612      |
|    explained_variance   | 1           |
|    learning_rate        | 0.0003      |
|    loss                 | -0.0164     |
|    n_updates            | 1050        |
|    policy_gradient_loss | -0.00526    |
|    value_loss           | 6.33e-05    |
-----------------------------------------
-----------------------------------------
| time/                   |             |
|    fps                  | 0           |
|    iterations           | 107         |
|    time_elapsed         | 62128       |
|    total_timesteps      | 54784       |
| train/                  |             |
|    approx_kl            | 0.011859705 |
|    clip_fraction        | 0.115       |
|    clip_range           | 0.2         |
|    entropy_loss         | -0.59       |
|    explained_variance   | 1           |
|    learning_rate        | 0.0003      |
|    loss                 | -0.0285     |
|    n_updates            | 1060        |
|    policy_gradient_loss | -0.011      |
|    value_loss           | 4.43e-05    |
-----------------------------------------
------------------------------------------
| time/                   |              |
|    fps                  | 0            |
|    iterations           | 108          |
|    time_elapsed         | 62553        |
|    total_timesteps      | 55296        |
| train/                  |              |
|    approx_kl            | 0.0058210995 |
|    clip_fraction        | 0.0369       |
|    clip_range           | 0.2          |
|    entropy_loss         | -0.603       |
|    explained_variance   | 1            |
|    learning_rate        | 0.0003       |
|    loss                 | -0.0236      |
|    n_updates            | 1070         |
|    policy_gradient_loss | -0.00589     |
|    value_loss           | 3.41e-05     |
------------------------------------------
-----------------------------------------
| time/                   |             |
|    fps                  | 0           |
|    iterations           | 109         |
|    time_elapsed         | 63006       |
|    total_timesteps      | 55808       |
| train/                  |             |
|    approx_kl            | 0.007036128 |
|    clip_fraction        | 0.0387      |
|    clip_range           | 0.2         |
|    entropy_loss         | -0.622      |
|    explained_variance   | 1           |
|    learning_rate        | 0.0003      |
|    loss                 | -0.00107    |
|    n_updates            | 1080        |
|    policy_gradient_loss | -0.00708    |
|    value_loss           | 5.24e-05    |
-----------------------------------------
------------------------------------------
| time/                   |              |
|    fps                  | 0            |
|    iterations           | 110          |
|    time_elapsed         | 64019        |
|    total_timesteps      | 56320        |
| train/                  |              |
|    approx_kl            | 0.0048258286 |
|    clip_fraction        | 0.0404       |
|    clip_range           | 0.2          |
|    entropy_loss         | -0.654       |
|    explained_variance   | 1            |
|    learning_rate        | 0.0003       |
|    loss                 | -0.0254      |
|    n_updates            | 1090         |
|    policy_gradient_loss | -0.00461     |
|    value_loss           | 2.41e-05     |
------------------------------------------
-----------------------------------------
| time/                   |             |
|    fps                  | 0           |
|    iterations           | 111         |
|    time_elapsed         | 65146       |
|    total_timesteps      | 56832       |
| train/                  |             |
|    approx_kl            | 0.020440027 |
|    clip_fraction        | 0.0713      |
|    clip_range           | 0.2         |
|    entropy_loss         | -0.678      |
|    explained_variance   | 0.981       |
|    learning_rate        | 0.0003      |
|    loss                 | -0.0129     |
|    n_updates            | 1100        |
|    policy_gradient_loss | -0.00666    |
|    value_loss           | 0.00461     |
-----------------------------------------
------------------------------------------
| time/                   |              |
|    fps                  | 0            |
|    iterations           | 112          |
|    time_elapsed         | 66070        |
|    total_timesteps      | 57344        |
| train/                  |              |
|    approx_kl            | 0.0061824243 |
|    clip_fraction        | 0.0744       |
|    clip_range           | 0.2          |
|    entropy_loss         | -0.71        |
|    explained_variance   | 0.999        |
|    learning_rate        | 0.0003       |
|    loss                 | -0.0377      |
|    n_updates            | 1110         |
|    policy_gradient_loss | -0.00751     |
|    value_loss           | 0.000121     |
------------------------------------------
------------------------------------------
| time/                   |              |
|    fps                  | 0            |
|    iterations           | 113          |
|    time_elapsed         | 67145        |
|    total_timesteps      | 57856        |
| train/                  |              |
|    approx_kl            | 0.0066732233 |
|    clip_fraction        | 0.0506       |
|    clip_range           | 0.2          |
|    entropy_loss         | -0.687       |
|    explained_variance   | 0.996        |
|    learning_rate        | 0.0003       |
|    loss                 | -0.0186      |
|    n_updates            | 1120         |
|    policy_gradient_loss | -0.00708     |
|    value_loss           | 0.000907     |
------------------------------------------
----------------------------------------
| time/                   |            |
|    fps                  | 0          |
|    iterations           | 114        |
|    time_elapsed         | 68025      |
|    total_timesteps      | 58368      |
| train/                  |            |
|    approx_kl            | 0.02428152 |
|    clip_fraction        | 0.0848     |
|    clip_range           | 0.2        |
|    entropy_loss         | -0.626     |
|    explained_variance   | 0.996      |
|    learning_rate        | 0.0003     |
|    loss                 | -0.0246    |
|    n_updates            | 1130       |
|    policy_gradient_loss | -0.00984   |
|    value_loss           | 0.00102    |
----------------------------------------
------------------------------------------
| time/                   |              |
|    fps                  | 0            |
|    iterations           | 115          |
|    time_elapsed         | 69007        |
|    total_timesteps      | 58880        |
| train/                  |              |
|    approx_kl            | 0.0077340202 |
|    clip_fraction        | 0.0621       |
|    clip_range           | 0.2          |
|    entropy_loss         | -0.636       |
|    explained_variance   | 0.991        |
|    learning_rate        | 0.0003       |
|    loss                 | -0.00603     |
|    n_updates            | 1140         |
|    policy_gradient_loss | -0.00823     |
|    value_loss           | 0.00231      |
------------------------------------------
------------------------------------------
| time/                   |              |
|    fps                  | 0            |
|    iterations           | 116          |
|    time_elapsed         | 70020        |
|    total_timesteps      | 59392        |
| train/                  |              |
|    approx_kl            | 0.0072355294 |
|    clip_fraction        | 0.0437       |
|    clip_range           | 0.2          |
|    entropy_loss         | -0.646       |
|    explained_variance   | 0.999        |
|    learning_rate        | 0.0003       |
|    loss                 | -0.0294      |
|    n_updates            | 1150         |
|    policy_gradient_loss | -0.00793     |
|    value_loss           | 7.53e-05     |
------------------------------------------
-----------------------------------------
| time/                   |             |
|    fps                  | 0           |
|    iterations           | 117         |
|    time_elapsed         | 71031       |
|    total_timesteps      | 59904       |
| train/                  |             |
|    approx_kl            | 0.011163263 |
|    clip_fraction        | 0.144       |
|    clip_range           | 0.2         |
|    entropy_loss         | -0.634      |
|    explained_variance   | 0.997       |
|    learning_rate        | 0.0003      |
|    loss                 | -0.0349     |
|    n_updates            | 1160        |
|    policy_gradient_loss | -0.0112     |
|    value_loss           | 0.000812    |
-----------------------------------------
------------------------------------------
| time/                   |              |
|    fps                  | 0            |
|    iterations           | 118          |
|    time_elapsed         | 72089        |
|    total_timesteps      | 60416        |
| train/                  |              |
|    approx_kl            | 0.0070974473 |
|    clip_fraction        | 0.0551       |
|    clip_range           | 0.2          |
|    entropy_loss         | -0.627       |
|    explained_variance   | 1            |
|    learning_rate        | 0.0003       |
|    loss                 | -0.0271      |
|    n_updates            | 1170         |
|    policy_gradient_loss | -0.00817     |
|    value_loss           | 4.96e-05     |
------------------------------------------
-----------------------------------------
| time/                   |             |
|    fps                  | 0           |
|    iterations           | 119         |
|    time_elapsed         | 73115       |
|    total_timesteps      | 60928       |
| train/                  |             |
|    approx_kl            | 0.011056446 |
|    clip_fraction        | 0.076       |
|    clip_range           | 0.2         |
|    entropy_loss         | -0.67       |
|    explained_variance   | 0.962       |
|    learning_rate        | 0.0003      |
|    loss                 | -0.00599    |
|    n_updates            | 1180        |
|    policy_gradient_loss | -0.00977    |
|    value_loss           | 0.00957     |
-----------------------------------------
-----------------------------------------
| time/                   |             |
|    fps                  | 0           |
|    iterations           | 120         |
|    time_elapsed         | 74132       |
|    total_timesteps      | 61440       |
| train/                  |             |
|    approx_kl            | 0.017239114 |
|    clip_fraction        | 0.0801      |
|    clip_range           | 0.2         |
|    entropy_loss         | -0.694      |
|    explained_variance   | 0.976       |
|    learning_rate        | 0.0003      |
|    loss                 | -0.0129     |
|    n_updates            | 1190        |
|    policy_gradient_loss | -0.0104     |
|    value_loss           | 0.00541     |
-----------------------------------------
-----------------------------------------
| time/                   |             |
|    fps                  | 0           |
|    iterations           | 121         |
|    time_elapsed         | 75156       |
|    total_timesteps      | 61952       |
| train/                  |             |
|    approx_kl            | 0.009414098 |
|    clip_fraction        | 0.106       |
|    clip_range           | 0.2         |
|    entropy_loss         | -0.646      |
|    explained_variance   | 0.996       |
|    learning_rate        | 0.0003      |
|    loss                 | -0.000262   |
|    n_updates            | 1200        |
|    policy_gradient_loss | -0.00865    |
|    value_loss           | 0.000975    |
-----------------------------------------
-----------------------------------------
| time/                   |             |
|    fps                  | 0           |
|    iterations           | 122         |
|    time_elapsed         | 76168       |
|    total_timesteps      | 62464       |
| train/                  |             |
|    approx_kl            | 0.014355716 |
|    clip_fraction        | 0.142       |
|    clip_range           | 0.2         |
|    entropy_loss         | -0.694      |
|    explained_variance   | 0.981       |
|    learning_rate        | 0.0003      |
|    loss                 | -0.0262     |
|    n_updates            | 1210        |
|    policy_gradient_loss | -0.0125     |
|    value_loss           | 0.00481     |
-----------------------------------------
-----------------------------------------
| time/                   |             |
|    fps                  | 0           |
|    iterations           | 123         |
|    time_elapsed         | 77194       |
|    total_timesteps      | 62976       |
| train/                  |             |
|    approx_kl            | 0.013930263 |
|    clip_fraction        | 0.074       |
|    clip_range           | 0.2         |
|    entropy_loss         | -0.721      |
|    explained_variance   | 0.899       |
|    learning_rate        | 0.0003      |
|    loss                 | -0.0115     |
|    n_updates            | 1220        |
|    policy_gradient_loss | -0.0116     |
|    value_loss           | 0.0305      |
-----------------------------------------
------------------------------------------
| time/                   |              |
|    fps                  | 0            |
|    iterations           | 124          |
|    time_elapsed         | 77988        |
|    total_timesteps      | 63488        |
| train/                  |              |
|    approx_kl            | 0.0065449523 |
|    clip_fraction        | 0.0727       |
|    clip_range           | 0.2          |
|    entropy_loss         | -0.737       |
|    explained_variance   | 0.941        |
|    learning_rate        | 0.0003       |
|    loss                 | -0.0147      |
|    n_updates            | 1230         |
|    policy_gradient_loss | -0.0071      |
|    value_loss           | 0.016        |
------------------------------------------
----------------------------------------
| time/                   |            |
|    fps                  | 0          |
|    iterations           | 125        |
|    time_elapsed         | 78394      |
|    total_timesteps      | 64000      |
| train/                  |            |
|    approx_kl            | 0.02568394 |
|    clip_fraction        | 0.11       |
|    clip_range           | 0.2        |
|    entropy_loss         | -0.697     |
|    explained_variance   | 0.998      |
|    learning_rate        | 0.0003     |
|    loss                 | -0.027     |
|    n_updates            | 1240       |
|    policy_gradient_loss | -0.00648   |
|    value_loss           | 0.000227   |
----------------------------------------
-----------------------------------------
| time/                   |             |
|    fps                  | 0           |
|    iterations           | 126         |
|    time_elapsed         | 78785       |
|    total_timesteps      | 64512       |
| train/                  |             |
|    approx_kl            | 0.014542231 |
|    clip_fraction        | 0.148       |
|    clip_range           | 0.2         |
|    entropy_loss         | -0.743      |
|    explained_variance   | 0.943       |
|    learning_rate        | 0.0003      |
|    loss                 | -0.0159     |
|    n_updates            | 1250        |
|    policy_gradient_loss | -0.00668    |
|    value_loss           | 0.0152      |
-----------------------------------------
-----------------------------------------
| time/                   |             |
|    fps                  | 0           |
|    iterations           | 127         |
|    time_elapsed         | 79195       |
|    total_timesteps      | 65024       |
| train/                  |             |
|    approx_kl            | 0.009284707 |
|    clip_fraction        | 0.119       |
|    clip_range           | 0.2         |
|    entropy_loss         | -0.758      |
|    explained_variance   | 0.943       |
|    learning_rate        | 0.0003      |
|    loss                 | -0.00566    |
|    n_updates            | 1260        |
|    policy_gradient_loss | -0.00956    |
|    value_loss           | 0.0146      |
-----------------------------------------
-----------------------------------------
| time/                   |             |
|    fps                  | 0           |
|    iterations           | 128         |
|    time_elapsed         | 79585       |
|    total_timesteps      | 65536       |
| train/                  |             |
|    approx_kl            | 0.009498032 |
|    clip_fraction        | 0.0809      |
|    clip_range           | 0.2         |
|    entropy_loss         | -0.794      |
|    explained_variance   | 0.999       |
|    learning_rate        | 0.0003      |
|    loss                 | -0.0197     |
|    n_updates            | 1270        |
|    policy_gradient_loss | -0.00884    |
|    value_loss           | 9.8e-05     |
-----------------------------------------
-----------------------------------------
| time/                   |             |
|    fps                  | 0           |
|    iterations           | 129         |
|    time_elapsed         | 79990       |
|    total_timesteps      | 66048       |
| train/                  |             |
|    approx_kl            | 0.013788797 |
|    clip_fraction        | 0.173       |
|    clip_range           | 0.2         |
|    entropy_loss         | -0.771      |
|    explained_variance   | 0.997       |
|    learning_rate        | 0.0003      |
|    loss                 | -0.0251     |
|    n_updates            | 1280        |
|    policy_gradient_loss | -0.0116     |
|    value_loss           | 0.000811    |
-----------------------------------------
-----------------------------------------
| time/                   |             |
|    fps                  | 0           |
|    iterations           | 130         |
|    time_elapsed         | 80381       |
|    total_timesteps      | 66560       |
| train/                  |             |
|    approx_kl            | 0.007607132 |
|    clip_fraction        | 0.0492      |
|    clip_range           | 0.2         |
|    entropy_loss         | -0.745      |
|    explained_variance   | 1           |
|    learning_rate        | 0.0003      |
|    loss                 | -0.0285     |
|    n_updates            | 1290        |
|    policy_gradient_loss | -0.00505    |
|    value_loss           | 4.82e-05    |
-----------------------------------------
